Archive member included to satisfy reference by file (symbol)

D:/cubeide/STM32CubeIDE_1.14.0/STM32CubeIDE/plugins/com.st.stm32cube.ide.mcu.externaltools.gnu-tools-for-stm32.11.3.rel1.win32_1.1.100.202309141235/tools/bin/../lib/gcc/arm-none-eabi/11.3.1/../../../../arm-none-eabi/lib/thumb/v7e-m+fp/hard\libc_nano.a(libc_a-exit.o)
                              D:/cubeide/STM32CubeIDE_1.14.0/STM32CubeIDE/plugins/com.st.stm32cube.ide.mcu.externaltools.gnu-tools-for-stm32.11.3.rel1.win32_1.1.100.202309141235/tools/bin/../lib/gcc/arm-none-eabi/11.3.1/../../../../arm-none-eabi/lib/thumb/v7e-m+fp/hard/crt0.o (exit)
D:/cubeide/STM32CubeIDE_1.14.0/STM32CubeIDE/plugins/com.st.stm32cube.ide.mcu.externaltools.gnu-tools-for-stm32.11.3.rel1.win32_1.1.100.202309141235/tools/bin/../lib/gcc/arm-none-eabi/11.3.1/../../../../arm-none-eabi/lib/thumb/v7e-m+fp/hard\libc_nano.a(libc_a-findfp.o)
                              D:/cubeide/STM32CubeIDE_1.14.0/STM32CubeIDE/plugins/com.st.stm32cube.ide.mcu.externaltools.gnu-tools-for-stm32.11.3.rel1.win32_1.1.100.202309141235/tools/bin/../lib/gcc/arm-none-eabi/11.3.1/../../../../arm-none-eabi/lib/thumb/v7e-m+fp/hard\libc_nano.a(libc_a-exit.o) (__stdio_exit_handler)
D:/cubeide/STM32CubeIDE_1.14.0/STM32CubeIDE/plugins/com.st.stm32cube.ide.mcu.externaltools.gnu-tools-for-stm32.11.3.rel1.win32_1.1.100.202309141235/tools/bin/../lib/gcc/arm-none-eabi/11.3.1/../../../../arm-none-eabi/lib/thumb/v7e-m+fp/hard\libc_nano.a(libc_a-fwalk.o)
                              D:/cubeide/STM32CubeIDE_1.14.0/STM32CubeIDE/plugins/com.st.stm32cube.ide.mcu.externaltools.gnu-tools-for-stm32.11.3.rel1.win32_1.1.100.202309141235/tools/bin/../lib/gcc/arm-none-eabi/11.3.1/../../../../arm-none-eabi/lib/thumb/v7e-m+fp/hard\libc_nano.a(libc_a-findfp.o) (_fwalk_sglue)
D:/cubeide/STM32CubeIDE_1.14.0/STM32CubeIDE/plugins/com.st.stm32cube.ide.mcu.externaltools.gnu-tools-for-stm32.11.3.rel1.win32_1.1.100.202309141235/tools/bin/../lib/gcc/arm-none-eabi/11.3.1/../../../../arm-none-eabi/lib/thumb/v7e-m+fp/hard\libc_nano.a(libc_a-sprintf.o)
                              ./Core/Src/main.o (sprintf)
D:/cubeide/STM32CubeIDE_1.14.0/STM32CubeIDE/plugins/com.st.stm32cube.ide.mcu.externaltools.gnu-tools-for-stm32.11.3.rel1.win32_1.1.100.202309141235/tools/bin/../lib/gcc/arm-none-eabi/11.3.1/../../../../arm-none-eabi/lib/thumb/v7e-m+fp/hard\libc_nano.a(libc_a-stdio.o)
                              D:/cubeide/STM32CubeIDE_1.14.0/STM32CubeIDE/plugins/com.st.stm32cube.ide.mcu.externaltools.gnu-tools-for-stm32.11.3.rel1.win32_1.1.100.202309141235/tools/bin/../lib/gcc/arm-none-eabi/11.3.1/../../../../arm-none-eabi/lib/thumb/v7e-m+fp/hard\libc_nano.a(libc_a-findfp.o) (__sread)
D:/cubeide/STM32CubeIDE_1.14.0/STM32CubeIDE/plugins/com.st.stm32cube.ide.mcu.externaltools.gnu-tools-for-stm32.11.3.rel1.win32_1.1.100.202309141235/tools/bin/../lib/gcc/arm-none-eabi/11.3.1/../../../../arm-none-eabi/lib/thumb/v7e-m+fp/hard\libc_nano.a(libc_a-memset.o)
                              D:/cubeide/STM32CubeIDE_1.14.0/STM32CubeIDE/plugins/com.st.stm32cube.ide.mcu.externaltools.gnu-tools-for-stm32.11.3.rel1.win32_1.1.100.202309141235/tools/bin/../lib/gcc/arm-none-eabi/11.3.1/../../../../arm-none-eabi/lib/thumb/v7e-m+fp/hard/crt0.o (memset)
D:/cubeide/STM32CubeIDE_1.14.0/STM32CubeIDE/plugins/com.st.stm32cube.ide.mcu.externaltools.gnu-tools-for-stm32.11.3.rel1.win32_1.1.100.202309141235/tools/bin/../lib/gcc/arm-none-eabi/11.3.1/../../../../arm-none-eabi/lib/thumb/v7e-m+fp/hard\libc_nano.a(libc_a-closer.o)
                              D:/cubeide/STM32CubeIDE_1.14.0/STM32CubeIDE/plugins/com.st.stm32cube.ide.mcu.externaltools.gnu-tools-for-stm32.11.3.rel1.win32_1.1.100.202309141235/tools/bin/../lib/gcc/arm-none-eabi/11.3.1/../../../../arm-none-eabi/lib/thumb/v7e-m+fp/hard\libc_nano.a(libc_a-stdio.o) (_close_r)
D:/cubeide/STM32CubeIDE_1.14.0/STM32CubeIDE/plugins/com.st.stm32cube.ide.mcu.externaltools.gnu-tools-for-stm32.11.3.rel1.win32_1.1.100.202309141235/tools/bin/../lib/gcc/arm-none-eabi/11.3.1/../../../../arm-none-eabi/lib/thumb/v7e-m+fp/hard\libc_nano.a(libc_a-reent.o)
                              D:/cubeide/STM32CubeIDE_1.14.0/STM32CubeIDE/plugins/com.st.stm32cube.ide.mcu.externaltools.gnu-tools-for-stm32.11.3.rel1.win32_1.1.100.202309141235/tools/bin/../lib/gcc/arm-none-eabi/11.3.1/../../../../arm-none-eabi/lib/thumb/v7e-m+fp/hard\libc_nano.a(libc_a-closer.o) (errno)
D:/cubeide/STM32CubeIDE_1.14.0/STM32CubeIDE/plugins/com.st.stm32cube.ide.mcu.externaltools.gnu-tools-for-stm32.11.3.rel1.win32_1.1.100.202309141235/tools/bin/../lib/gcc/arm-none-eabi/11.3.1/../../../../arm-none-eabi/lib/thumb/v7e-m+fp/hard\libc_nano.a(libc_a-impure.o)
                              D:/cubeide/STM32CubeIDE_1.14.0/STM32CubeIDE/plugins/com.st.stm32cube.ide.mcu.externaltools.gnu-tools-for-stm32.11.3.rel1.win32_1.1.100.202309141235/tools/bin/../lib/gcc/arm-none-eabi/11.3.1/../../../../arm-none-eabi/lib/thumb/v7e-m+fp/hard\libc_nano.a(libc_a-sprintf.o) (_impure_ptr)
[...]
Memory Configuration

Name             Origin             Length             Attributes
RAM              0x0000000020000000 0x0000000000010000 xrw
FLASH            0x0000000008000000 0x0000000000040000 xr
*default*        0x0000000000000000 0xffffffffffffffff

Linker script and memory map

LOAD D:/cubeide/STM32CubeIDE_1.14.0/STM32CubeIDE/plugins/com.st.stm32cube.ide.mcu.externaltools.gnu-tools-for-stm32.11.3.rel1.win32_1.1.100.202309141235/tools/bin/../lib/gcc/arm-none-eabi/11.3.1/thumb/v7e-m+fp/hard/crti.o
LOAD D:/cubeide/STM32CubeIDE_1.14.0/STM32CubeIDE/plugins/com.st.stm32cube.ide.mcu.externaltools.gnu-tools-for-stm32.11.3.rel1.win32_1.1.100.202309141235/tools/bin/../lib/gcc/arm-none-eabi/11.3.1/thumb/v7e-m+fp/hard/crtbegin.o
LOAD D:/cubeide/STM32CubeIDE_1.14.0/STM32CubeIDE/plugins/com.st.stm32cube.ide.mcu.externaltools.gnu-tools-for-stm32.11.3.rel1.win32_1.1.100.202309141235/tools/bin/../lib/gcc/arm-none-eabi/11.3.1/../../../../arm-none-eabi/lib/thumb/v7e-m+fp/hard/crt0.o
LOAD ./Core/Src/freertos.o
LOAD ./Core/Src/gpio.o
LOAD ./Core/Src/main.o
LOAD ./Core/Src/modbus.o
LOAD ./Core/Src/stm32f4xx_hal_msp.o
LOAD ./Core/Src/stm32f4xx_it.o
LOAD ./Core/Src/syscalls.o
LOAD ./Core/Src/sysmem.o
LOAD ./Core/Src/system_stm32f4xx.o
LOAD ./Core/Src/tim.o
LOAD ./Core/Src/usart.o
LOAD ./Core/Startup/startup_stm32f401rctx.o
LOAD ./Drivers/STM32F4xx_HAL_Driver/Src/stm32f4xx_hal.o
LOAD ./Drivers/STM32F4xx_HAL_Driver/Src/stm32f4xx_hal_cortex.o
LOAD ./Drivers/STM32F4xx_HAL_Driver/Src/stm32f4xx_hal_dma.o
LOAD ./Drivers/STM32F4xx_HAL_Driver/Src/stm32f4xx_hal_dma_ex.o
LOAD ./Drivers/STM32F4xx_HAL_Driver/Src/stm32f4xx_hal_exti.o
LOAD ./Drivers/STM32F4xx_HAL_Driver/Src/stm32f4xx_hal_flash.o
LOAD ./Drivers/STM32F4xx_HAL_Driver/Src/stm32f4xx_hal_flash_ex.o
LOAD ./Drivers/STM32F4xx_HAL_Driver/Src/stm32f4xx_hal_flash_ramfunc.o
LOAD ./Drivers/STM32F4xx_HAL_Driver/Src/stm32f4xx_hal_gpio.o
LOAD ./Drivers/STM32F4xx_HAL_Driver/Src/stm32f4xx_hal_pwr.o
LOAD ./Drivers/STM32F4xx_HAL_Driver/Src/stm32f4xx_hal_pwr_ex.o
LOAD ./Drivers/STM32F4xx_HAL_Driver/Src/stm32f4xx_hal_rcc.o
LOAD ./Drivers/STM32F4xx_HAL_Driver/Src/stm32f4xx_hal_rcc_ex.o
LOAD ./Drivers/STM32F4xx_HAL_Driver/Src/stm32f4xx_hal_tim.o
LOAD ./Drivers/STM32F4xx_HAL_Driver/Src/stm32f4xx_hal_tim_ex.o
LOAD ./Drivers/STM32F4xx_HAL_Driver/Src/stm32f4xx_hal_uart.o
LOAD ./Middlewares/Third_Party/FreeRTOS/Source/CMSIS_RTOS_V2/cmsis_os2.o
LOAD ./Middlewares/Third_Party/FreeRTOS/Source/croutine.o
LOAD ./Middlewares/Third_Party/FreeRTOS/Source/event_groups.o
LOAD ./Middlewares/Third_Party/FreeRTOS/Source/list.o
LOAD ./Middlewares/Third_Party/FreeRTOS/Source/queue.o
LOAD ./Middlewares/Third_Party/FreeRTOS/Source/stream_buffer.o
LOAD ./Middlewares/Third_Party/FreeRTOS/Source/tasks.o
LOAD ./Middlewares/Third_Party/FreeRTOS/Source/timers.o
LOAD ./Middlewares/Third_Party/FreeRTOS/Source/portable/GCC/ARM_CM4F/port.o
LOAD ./Middlewares/Third_Party/FreeRTOS/Source/portable/MemMang/heap_4.o
START GROUP
LOAD D:/cubeide/STM32CubeIDE_1.14.0/STM32CubeIDE/plugins/com.st.stm32cube.ide.mcu.externaltools.gnu-tools-for-stm32.11.3.rel1.win32_1.1.100.202309141235/tools/bin/../lib/gcc/arm-none-eabi/11.3.1/../../../../arm-none-eabi/lib/thumb/v7e-m+fp/hard\libc_nano.a
LOAD D:/cubeide/STM32CubeIDE_1.14.0/STM32CubeIDE/plugins/com.st.stm32cube.ide.mcu.externaltools.gnu-tools-for-stm32.11.3.rel1.win32_1.1.100.202309141235/tools/bin/../lib/gcc/arm-none-eabi/11.3.1/../../../../arm-none-eabi/lib/thumb/v7e-m+fp/hard\libm.a
END GROUP
START GROUP
LOAD D:/cubeide/STM32CubeIDE_1.14.0/STM32CubeIDE/plugins/com.st.stm32cube.ide.mcu.externaltools.gnu-tools-for-stm32.11.3.rel1.win32_1.1.100.202309141235/tools/bin/../lib/gcc/arm-none-eabi/11.3.1/thumb/v7e-m+fp/hard\libgcc.a
LOAD D:/cubeide/STM32CubeIDE_1.14.0/STM32CubeIDE/plugins/com.st.stm32cube.ide.mcu.externaltools.gnu-tools-for-stm32.11.3.rel1.win32_1.1.100.202309141235/tools/bin/../lib/gcc/arm-none-eabi/11.3.1/../../../../arm-none-eabi/lib/thumb/v7e-m+fp/hard\libc_nano.a
END GROUP
START GROUP
LOAD D:/cubeide/STM32CubeIDE_1.14.0/STM32CubeIDE/plugins/com.st.stm32cube.ide.mcu.externaltools.gnu-tools-for-stm32.11.3.rel1.win32_1.1.100.202309141235/tools/bin/../lib/gcc/arm-none-eabi/11.3.1/thumb/v7e-m+fp/hard\libgcc.a
LOAD D:/cubeide/STM32CubeIDE_1.14.0/STM32CubeIDE/plugins/com.st.stm32cube.ide.mcu.externaltools.gnu-tools-for-stm32.11.3.rel1.win32_1.1.100.202309141235/tools/bin/../lib/gcc/arm-none-eabi/11.3.1/../../../../arm-none-eabi/lib/thumb/v7e-m+fp/hard\libc_nano.a
LOAD D:/cubeide/STM32CubeIDE_1.14.0/STM32CubeIDE/plugins/com.st.stm32cube.ide.mcu.externaltools.gnu-tools-for-stm32.11.3.rel1.win32_1.1.100.202309141235/tools/bin/../lib/gcc/arm-none-eabi/11.3.1/../../../../arm-none-eabi/lib/thumb/v7e-m+fp/hard\libnosys.a
END GROUP
START GROUP
LOAD D:/cubeide/STM32CubeIDE_1.14.0/STM32CubeIDE/plugins/com.st.stm32cube.ide.mcu.externaltools.gnu-tools-for-stm32.11.3.rel1.win32_1.1.100.202309141235/tools/bin/../lib/gcc/arm-none-eabi/11.3.1/thumb/v7e-m+fp/hard\libgcc.a
LOAD D:/cubeide/STM32CubeIDE_1.14.0/STM32CubeIDE/plugins/com.st.stm32cube.ide.mcu.externaltools.gnu-tools-for-stm32.11.3.rel1.win32_1.1.100.202309141235/tools/bin/../lib/gcc/arm-none-eabi/11.3.1/../../../../arm-none-eabi/lib/thumb/v7e-m+fp/hard\libc_nano.a
LOAD D:/cubeide/STM32CubeIDE_1.14.0/STM32CubeIDE/plugins/com.st.stm32cube.ide.mcu.externaltools.gnu-tools-for-stm32.11.3.rel1.win32_1.1.100.202309141235/tools/bin/../lib/gcc/arm-none-eabi/11.3.1/../../../../arm-none-eabi/lib/thumb/v7e-m+fp/hard\libnosys.a
END GROUP
LOAD D:/cubeide/STM32CubeIDE_1.14.0/STM32CubeIDE/plugins/com.st.stm32cube.ide.mcu.externaltools.gnu-tools-for-stm32.11.3.rel1.win32_1.1.100.202309141235/tools/bin/../lib/gcc/arm-none-eabi/11.3.1/thumb/v7e-m+fp/hard/crtend.o
LOAD D:/cubeide/STM32CubeIDE_1.14.0/STM32CubeIDE/plugins/com.st.stm32cube.ide.mcu.externaltools.gnu-tools-for-stm32.11.3.rel1.win32_1.1.100.202309141235/tools/bin/../lib/gcc/arm-none-eabi/11.3.1/thumb/v7e-m+fp/hard/crtn.o
                0x0000000020010000                _estack = (ORIGIN (RAM) + LENGTH (RAM))
                0x0000000000000200                _Min_Heap_Size = 0x200
                0x0000000000000400                _Min_Stack_Size = 0x400

.isr_vector     0x0000000008000000      0x194
                0x0000000008000000                . = ALIGN (0x4)
 *(.isr_vector)
 .isr_vector    0x0000000008000000      0x194 ./Core/Startup/startup_stm32f401rctx.o
                0x0000000008000000                g_pfnVectors
                0x0000000008000194                . = ALIGN (0x4)

.text           0x00000000080001a0     0x6f28
                0x00000000080001a0                . = ALIGN (0x4)
 *(.text)
 .text          0x00000000080001a0       0x40 D:/cubeide/STM32CubeIDE_1.14.0/STM32CubeIDE/plugins/com.st.stm32cube.ide.mcu.externaltools.gnu-tools-for-stm32.11.3.rel1.win32_1.1.100.202309141235/tools/bin/../lib/gcc/arm-none-eabi/11.3.1/thumb/v7e-m+fp/hard/crtbegin.o
 .text          0x00000000080001e0       0x30 D:/cubeide/STM32CubeIDE_1.14.0/STM32CubeIDE/plugins/com.st.stm32cube.ide.mcu.externaltools.gnu-tools-for-stm32.11.3.rel1.win32_1.1.100.202309141235/tools/bin/../lib/gcc/arm-none-eabi/11.3.1/thumb/v7e-m+fp/hard\libgcc.a(_aeabi_uldivmod.o)
                0x00000000080001e0                __aeabi_uldivmod
 .text          0x0000000008000210      0x2c8 D:/cubeide/STM32CubeIDE_1.14.0/STM32CubeIDE/plugins/com.st.stm32cube.ide.mcu.externaltools.gnu-tools-for-stm32.11.3.rel1.win32_1.1.100.202309141235/tools/bin/../lib/gcc/arm-none-eabi/11.3.1/thumb/v7e-m+fp/hard\libgcc.a(_udivmoddi4.o)
                0x0000000008000210                __udivmoddi4
 .text          0x00000000080004d8        0x4 D:/cubeide/STM32CubeIDE_1.14.0/STM32CubeIDE/plugins/com.st.stm32cube.ide.mcu.externaltools.gnu-tools-for-stm32.11.3.rel1.win32_1.1.100.202309141235/tools/bin/../lib/gcc/arm-none-eabi/11.3.1/thumb/v7e-m+fp/hard\libgcc.a(_dvmd_tls.o)
                0x00000000080004d8                __aeabi_idiv0
                0x00000000080004d8                __aeabi_ldiv0
 *(.text*)
 .text.MyTask1  0x00000000080004dc       0x24 ./Core/Src/freertos.o
                0x00000000080004dc                MyTask1
 .text.MyTask2  0x0000000008000500       0x24 ./Core/Src/freertos.o
                0x0000000008000500                MyTask2
 .text.MX_FREERTOS_Init
                0x0000000008000524       0x60 ./Core/Src/freertos.o
                0x0000000008000524                MX_FREERTOS_Init
 .text.StartDefaultTask
                0x0000000008000584        0xe ./Core/Src/freertos.o
                0x0000000008000584                StartDefaultTask
 *fill*         0x0000000008000592        0x2 
 .text.MX_GPIO_Init
                0x0000000008000594      0x130 ./Core/Src/gpio.o
                0x0000000008000594                MX_GPIO_Init
 .text.Get_Coder
                0x00000000080006c4       0xec ./Core/Src/main.o
                0x00000000080006c4                Get_Coder
 .text.main     0x00000000080007b0       0x64 ./Core/Src/main.o
                0x00000000080007b0                main
 .text.SystemClock_Config
                0x0000000008000814       0xd4 ./Core/Src/main.o
                0x0000000008000814                SystemClock_Config
 .text.Error_Handler
                0x00000000080008e8        0xa ./Core/Src/main.o
                0x00000000080008e8                Error_Handler
 *fill*         0x00000000080008f2        0x2 
 .text.modbus_send_data
                0x00000000080008f4       0x38 ./Core/Src/modbus.o
                0x00000000080008f4                modbus_send_data
 .text.modbus_service
                0x000000000800092c       0xa0 ./Core/Src/modbus.o
                0x000000000800092c                modbus_service
 .text.modbus_04_function
                0x00000000080009cc       0xfc ./Core/Src/modbus.o
                0x00000000080009cc                modbus_04_function
 .text.modbus_06_function
                0x0000000008000ac8       0xcc ./Core/Src/modbus.o
                0x0000000008000ac8                modbus_06_function
 .text.modbus_16_function
                0x0000000008000b94       0xd8 ./Core/Src/modbus.o
                0x0000000008000b94                modbus_16_function
 .text.CRC16    0x0000000008000c6c       0xe4 ./Core/Src/modbus.o
                0x0000000008000c6c                CRC16
 .text.Compare_Register
                0x0000000008000d50       0xb0 ./Core/Src/modbus.o
                0x0000000008000d50                Compare_Register
 .text.HAL_MspInit
                0x0000000008000e00       0x58 ./Core/Src/stm32f4xx_hal_msp.o
                0x0000000008000e00                HAL_MspInit
 .text.NMI_Handler
                0x0000000008000e58        0x6 ./Core/Src/stm32f4xx_it.o
                0x0000000008000e58                NMI_Handler
 .text.HardFault_Handler
                0x0000000008000e5e        0x6 ./Core/Src/stm32f4xx_it.o
                0x0000000008000e5e                HardFault_Handler
 .text.MemManage_Handler
                0x0000000008000e64        0x6 ./Core/Src/stm32f4xx_it.o
                0x0000000008000e64                MemManage_Handler
 .text.BusFault_Handler
                0x0000000008000e6a        0x6 ./Core/Src/stm32f4xx_it.o
                0x0000000008000e6a                BusFault_Handler
 .text.UsageFault_Handler
                0x0000000008000e70        0x6 ./Core/Src/stm32f4xx_it.o
                0x0000000008000e70                UsageFault_Handler
 .text.DebugMon_Handler
                0x0000000008000e76        0xe ./Core/Src/stm32f4xx_it.o
                0x0000000008000e76                DebugMon_Handler
 .text.SysTick_Handler
                0x0000000008000e84       0x1a ./Core/Src/stm32f4xx_it.o
                0x0000000008000e84                SysTick_Handler
 *fill*         0x0000000008000e9e        0x2 
 .text.TIM2_IRQHandler
                0x0000000008000ea0       0x14 ./Core/Src/stm32f4xx_it.o
                0x0000000008000ea0                TIM2_IRQHandler
 .text.TIM3_IRQHandler
                0x0000000008000eb4       0x14 ./Core/Src/stm32f4xx_it.o
                0x0000000008000eb4                TIM3_IRQHandler
 .text.USART1_IRQHandler
                0x0000000008000ec8       0x14 ./Core/Src/stm32f4xx_it.o
                0x0000000008000ec8                USART1_IRQHandler
 .text.SystemInit
                0x0000000008000edc       0x24 ./Core/Src/system_stm32f4xx.o
                0x0000000008000edc                SystemInit
 .text.MX_TIM2_Init
                0x0000000008000f00       0xa0 ./Core/Src/tim.o
                0x0000000008000f00                MX_TIM2_Init
 .text.MX_TIM3_Init
                0x0000000008000fa0       0xf0 ./Core/Src/tim.o
                0x0000000008000fa0                MX_TIM3_Init
 .text.HAL_TIM_Base_MspInit
                0x0000000008001090       0x88 ./Core/Src/tim.o
                0x0000000008001090                HAL_TIM_Base_MspInit
 .text.HAL_TIM_MspPostInit
                0x0000000008001118       0x74 ./Core/Src/tim.o
                0x0000000008001118                HAL_TIM_MspPostInit
 .text.HAL_TIM_PeriodElapsedCallback
                0x000000000800118c       0x58 ./Core/Src/tim.o
                0x000000000800118c                HAL_TIM_PeriodElapsedCallback
 .text.HAL_TIM_PWM_PulseFinishedCallback
                0x00000000080011e4       0x68 ./Core/Src/tim.o
                0x00000000080011e4                HAL_TIM_PWM_PulseFinishedCallback
 .text.MX_USART1_UART_Init
                0x000000000800124c       0x60 ./Core/Src/usart.o
                0x000000000800124c                MX_USART1_UART_Init
 .text.HAL_UART_MspInit
                0x00000000080012ac       0xa0 ./Core/Src/usart.o
                0x00000000080012ac                HAL_UART_MspInit
 .text.HAL_UART_RxCpltCallback
                0x000000000800134c       0x78 ./Core/Src/usart.o
                0x000000000800134c                HAL_UART_RxCpltCallback
 .text.Reset_Handler
                0x00000000080013c4       0x50 ./Core/Startup/startup_stm32f401rctx.o
                0x00000000080013c4                Reset_Handler
 .text.Default_Handler
                0x0000000008001414        0x2 ./Core/Startup/startup_stm32f401rctx.o
                0x0000000008001414                RTC_Alarm_IRQHandler
                0x0000000008001414                EXTI2_IRQHandler
                0x0000000008001414                SPI4_IRQHandler
                0x0000000008001414                TIM1_CC_IRQHandler
                0x0000000008001414                DMA2_Stream5_IRQHandler
                0x0000000008001414                DMA1_Stream5_IRQHandler
                0x0000000008001414                PVD_IRQHandler
                0x0000000008001414                SDIO_IRQHandler
                0x0000000008001414                TAMP_STAMP_IRQHandler
                0x0000000008001414                EXTI3_IRQHandler
                0x0000000008001414                TIM1_UP_TIM10_IRQHandler
                0x0000000008001414                I2C3_ER_IRQHandler
                0x0000000008001414                EXTI0_IRQHandler
                0x0000000008001414                I2C2_EV_IRQHandler
                0x0000000008001414                DMA1_Stream2_IRQHandler
                0x0000000008001414                FPU_IRQHandler
                0x0000000008001414                DMA2_Stream2_IRQHandler
                0x0000000008001414                SPI1_IRQHandler
                0x0000000008001414                TIM1_BRK_TIM9_IRQHandler
                0x0000000008001414                DMA2_Stream3_IRQHandler
                0x0000000008001414                USART6_IRQHandler
                0x0000000008001414                DMA2_Stream0_IRQHandler
                0x0000000008001414                TIM4_IRQHandler
                0x0000000008001414                I2C1_EV_IRQHandler
                0x0000000008001414                DMA1_Stream6_IRQHandler
                0x0000000008001414                DMA1_Stream1_IRQHandler
                0x0000000008001414                RCC_IRQHandler
                0x0000000008001414                Default_Handler
                0x0000000008001414                EXTI15_10_IRQHandler
                0x0000000008001414                ADC_IRQHandler
                0x0000000008001414                DMA1_Stream7_IRQHandler
                0x0000000008001414                TIM5_IRQHandler
                0x0000000008001414                DMA2_Stream7_IRQHandler
                0x0000000008001414                I2C3_EV_IRQHandler
                0x0000000008001414                EXTI9_5_IRQHandler
                0x0000000008001414                RTC_WKUP_IRQHandler
                0x0000000008001414                SPI2_IRQHandler
                0x0000000008001414                DMA1_Stream0_IRQHandler
                0x0000000008001414                EXTI4_IRQHandler
                0x0000000008001414                WWDG_IRQHandler
                0x0000000008001414                OTG_FS_WKUP_IRQHandler
                0x0000000008001414                TIM1_TRG_COM_TIM11_IRQHandler
                0x0000000008001414                EXTI1_IRQHandler
                0x0000000008001414                USART2_IRQHandler
                0x0000000008001414                I2C2_ER_IRQHandler
                0x0000000008001414                DMA2_Stream1_IRQHandler
                0x0000000008001414                FLASH_IRQHandler
                0x0000000008001414                DMA2_Stream4_IRQHandler
                0x0000000008001414                OTG_FS_IRQHandler
                0x0000000008001414                SPI3_IRQHandler
                0x0000000008001414                DMA1_Stream4_IRQHandler
                0x0000000008001414                I2C1_ER_IRQHandler
                0x0000000008001414                DMA2_Stream6_IRQHandler
                0x0000000008001414                DMA1_Stream3_IRQHandler
 *fill*         0x0000000008001416        0x2 
 .text.HAL_Init
                0x0000000008001418       0x44 ./Drivers/STM32F4xx_HAL_Driver/Src/stm32f4xx_hal.o
                0x0000000008001418                HAL_Init
 .text.HAL_InitTick
                0x000000000800145c       0x60 ./Drivers/STM32F4xx_HAL_Driver/Src/stm32f4xx_hal.o
                0x000000000800145c                HAL_InitTick
 .text.HAL_IncTick
                0x00000000080014bc       0x28 ./Drivers/STM32F4xx_HAL_Driver/Src/stm32f4xx_hal.o
                0x00000000080014bc                HAL_IncTick
 .text.HAL_GetTick
                0x00000000080014e4       0x18 ./Drivers/STM32F4xx_HAL_Driver/Src/stm32f4xx_hal.o
                0x00000000080014e4                HAL_GetTick
 .text.HAL_Delay
                0x00000000080014fc       0x48 ./Drivers/STM32F4xx_HAL_Driver/Src/stm32f4xx_hal.o
                0x00000000080014fc                HAL_Delay
 .text.__NVIC_SetPriorityGrouping
                0x0000000008001544       0x48 ./Drivers/STM32F4xx_HAL_Driver/Src/stm32f4xx_hal_cortex.o
 .text.__NVIC_GetPriorityGrouping
                0x000000000800158c       0x1c ./Drivers/STM32F4xx_HAL_Driver/Src/stm32f4xx_hal_cortex.o
 .text.__NVIC_EnableIRQ
                0x00000000080015a8       0x3c ./Drivers/STM32F4xx_HAL_Driver/Src/stm32f4xx_hal_cortex.o
 .text.__NVIC_SetPriority
                0x00000000080015e4       0x54 ./Drivers/STM32F4xx_HAL_Driver/Src/stm32f4xx_hal_cortex.o
 .text.NVIC_EncodePriority
                0x0000000008001638       0x66 ./Drivers/STM32F4xx_HAL_Driver/Src/stm32f4xx_hal_cortex.o
 *fill*         0x000000000800169e        0x2 
 .text.SysTick_Config
                0x00000000080016a0       0x44 ./Drivers/STM32F4xx_HAL_Driver/Src/stm32f4xx_hal_cortex.o
 .text.HAL_NVIC_SetPriorityGrouping
                0x00000000080016e4       0x16 ./Drivers/STM32F4xx_HAL_Driver/Src/stm32f4xx_hal_cortex.o
                0x00000000080016e4                HAL_NVIC_SetPriorityGrouping
 .text.HAL_NVIC_SetPriority
                0x00000000080016fa       0x38 ./Drivers/STM32F4xx_HAL_Driver/Src/stm32f4xx_hal_cortex.o
                0x00000000080016fa                HAL_NVIC_SetPriority
 .text.HAL_NVIC_EnableIRQ
                0x0000000008001732       0x1c ./Drivers/STM32F4xx_HAL_Driver/Src/stm32f4xx_hal_cortex.o
                0x0000000008001732                HAL_NVIC_EnableIRQ
 .text.HAL_SYSTICK_Config
                0x000000000800174e       0x18 ./Drivers/STM32F4xx_HAL_Driver/Src/stm32f4xx_hal_cortex.o
                0x000000000800174e                HAL_SYSTICK_Config
 .text.HAL_DMA_Abort
                0x0000000008001766       0xe0 ./Drivers/STM32F4xx_HAL_Driver/Src/stm32f4xx_hal_dma.o
                0x0000000008001766                HAL_DMA_Abort
 .text.HAL_DMA_Abort_IT
                0x0000000008001846       0x44 ./Drivers/STM32F4xx_HAL_Driver/Src/stm32f4xx_hal_dma.o
                0x0000000008001846                HAL_DMA_Abort_IT
 *fill*         0x000000000800188a        0x2 
 .text.HAL_GPIO_Init
                0x000000000800188c      0x308 ./Drivers/STM32F4xx_HAL_Driver/Src/stm32f4xx_hal_gpio.o
                0x000000000800188c                HAL_GPIO_Init
 .text.HAL_GPIO_ReadPin
                0x0000000008001b94       0x30 ./Drivers/STM32F4xx_HAL_Driver/Src/stm32f4xx_hal_gpio.o
                0x0000000008001b94                HAL_GPIO_ReadPin
 .text.HAL_GPIO_WritePin
                0x0000000008001bc4       0x32 ./Drivers/STM32F4xx_HAL_Driver/Src/stm32f4xx_hal_gpio.o
                0x0000000008001bc4                HAL_GPIO_WritePin
 *fill*         0x0000000008001bf6        0x2 
 .text.HAL_RCC_OscConfig
                0x0000000008001bf8      0x4f0 ./Drivers/STM32F4xx_HAL_Driver/Src/stm32f4xx_hal_rcc.o
                0x0000000008001bf8                HAL_RCC_OscConfig
 .text.HAL_RCC_ClockConfig
                0x00000000080020e8      0x1cc ./Drivers/STM32F4xx_HAL_Driver/Src/stm32f4xx_hal_rcc.o
                0x00000000080020e8                HAL_RCC_ClockConfig
 .text.HAL_RCC_GetSysClockFreq
                0x00000000080022b4      0x20c ./Drivers/STM32F4xx_HAL_Driver/Src/stm32f4xx_hal_rcc.o
                0x00000000080022b4                HAL_RCC_GetSysClockFreq
 .text.HAL_RCC_GetHCLKFreq
                0x00000000080024c0       0x18 ./Drivers/STM32F4xx_HAL_Driver/Src/stm32f4xx_hal_rcc.o
                0x00000000080024c0                HAL_RCC_GetHCLKFreq
 .text.HAL_RCC_GetPCLK1Freq
                0x00000000080024d8       0x28 ./Drivers/STM32F4xx_HAL_Driver/Src/stm32f4xx_hal_rcc.o
                0x00000000080024d8                HAL_RCC_GetPCLK1Freq
 .text.HAL_RCC_GetPCLK2Freq
                0x0000000008002500       0x28 ./Drivers/STM32F4xx_HAL_Driver/Src/stm32f4xx_hal_rcc.o
                0x0000000008002500                HAL_RCC_GetPCLK2Freq
 .text.HAL_TIM_Base_Init
                0x0000000008002528       0x9e ./Drivers/STM32F4xx_HAL_Driver/Src/stm32f4xx_hal_tim.o
                0x0000000008002528                HAL_TIM_Base_Init
 *fill*         0x00000000080025c6        0x2 
 .text.HAL_TIM_Base_Start_IT
                0x00000000080025c8       0xc4 ./Drivers/STM32F4xx_HAL_Driver/Src/stm32f4xx_hal_tim.o
                0x00000000080025c8                HAL_TIM_Base_Start_IT
 .text.HAL_TIM_PWM_Init
                0x000000000800268c       0x9e ./Drivers/STM32F4xx_HAL_Driver/Src/stm32f4xx_hal_tim.o
                0x000000000800268c                HAL_TIM_PWM_Init
 .text.HAL_TIM_PWM_MspInit
                0x000000000800272a       0x14 ./Drivers/STM32F4xx_HAL_Driver/Src/stm32f4xx_hal_tim.o
                0x000000000800272a                HAL_TIM_PWM_MspInit
 *fill*         0x000000000800273e        0x2 
 .text.HAL_TIM_PWM_Start_IT
                0x0000000008002740      0x1fc ./Drivers/STM32F4xx_HAL_Driver/Src/stm32f4xx_hal_tim.o
                0x0000000008002740                HAL_TIM_PWM_Start_IT
 .text.HAL_TIM_PWM_Stop_IT
                0x000000000800293c      0x164 ./Drivers/STM32F4xx_HAL_Driver/Src/stm32f4xx_hal_tim.o
                0x000000000800293c                HAL_TIM_PWM_Stop_IT
 .text.HAL_TIM_IRQHandler
                0x0000000008002aa0      0x1e0 ./Drivers/STM32F4xx_HAL_Driver/Src/stm32f4xx_hal_tim.o
                0x0000000008002aa0                HAL_TIM_IRQHandler
 .text.HAL_TIM_PWM_ConfigChannel
                0x0000000008002c80      0x184 ./Drivers/STM32F4xx_HAL_Driver/Src/stm32f4xx_hal_tim.o
                0x0000000008002c80                HAL_TIM_PWM_ConfigChannel
 .text.HAL_TIM_ConfigClockSource
                0x0000000008002e04      0x18e ./Drivers/STM32F4xx_HAL_Driver/Src/stm32f4xx_hal_tim.o
                0x0000000008002e04                HAL_TIM_ConfigClockSource
 .text.HAL_TIM_OC_DelayElapsedCallback
                0x0000000008002f92       0x14 ./Drivers/STM32F4xx_HAL_Driver/Src/stm32f4xx_hal_tim.o
                0x0000000008002f92                HAL_TIM_OC_DelayElapsedCallback
 .text.HAL_TIM_IC_CaptureCallback
                0x0000000008002fa6       0x14 ./Drivers/STM32F4xx_HAL_Driver/Src/stm32f4xx_hal_tim.o
                0x0000000008002fa6                HAL_TIM_IC_CaptureCallback
 .text.HAL_TIM_TriggerCallback
                0x0000000008002fba       0x14 ./Drivers/STM32F4xx_HAL_Driver/Src/stm32f4xx_hal_tim.o
                0x0000000008002fba                HAL_TIM_TriggerCallback
 *fill*         0x0000000008002fce        0x2 
 .text.TIM_Base_SetConfig
                0x0000000008002fd0      0x118 ./Drivers/STM32F4xx_HAL_Driver/Src/stm32f4xx_hal_tim.o
                0x0000000008002fd0                TIM_Base_SetConfig
 .text.TIM_OC1_SetConfig
                0x00000000080030e8       0xcc ./Drivers/STM32F4xx_HAL_Driver/Src/stm32f4xx_hal_tim.o
 .text.TIM_OC2_SetConfig
                0x00000000080031b4       0xd8 ./Drivers/STM32F4xx_HAL_Driver/Src/stm32f4xx_hal_tim.o
                0x00000000080031b4                TIM_OC2_SetConfig
 .text.TIM_OC3_SetConfig
                0x000000000800328c       0xd4 ./Drivers/STM32F4xx_HAL_Driver/Src/stm32f4xx_hal_tim.o
 .text.TIM_OC4_SetConfig
                0x0000000008003360       0xa0 ./Drivers/STM32F4xx_HAL_Driver/Src/stm32f4xx_hal_tim.o
 .text.TIM_TI1_ConfigInputStage
                0x0000000008003400       0x5e ./Drivers/STM32F4xx_HAL_Driver/Src/stm32f4xx_hal_tim.o
 .text.TIM_TI2_ConfigInputStage
                0x000000000800345e       0x60 ./Drivers/STM32F4xx_HAL_Driver/Src/stm32f4xx_hal_tim.o
 .text.TIM_ITRx_SetConfig
                0x00000000080034be       0x36 ./Drivers/STM32F4xx_HAL_Driver/Src/stm32f4xx_hal_tim.o
 .text.TIM_ETR_SetConfig
                0x00000000080034f4       0x40 ./Drivers/STM32F4xx_HAL_Driver/Src/stm32f4xx_hal_tim.o
                0x00000000080034f4                TIM_ETR_SetConfig
 .text.TIM_CCxChannelCmd
                0x0000000008003534       0x4a ./Drivers/STM32F4xx_HAL_Driver/Src/stm32f4xx_hal_tim.o
                0x0000000008003534                TIM_CCxChannelCmd
 *fill*         0x000000000800357e        0x2 
 .text.HAL_TIMEx_MasterConfigSynchronization
                0x0000000008003580       0xdc ./Drivers/STM32F4xx_HAL_Driver/Src/stm32f4xx_hal_tim_ex.o
                0x0000000008003580                HAL_TIMEx_MasterConfigSynchronization
 .text.HAL_TIMEx_CommutCallback
                0x000000000800365c       0x14 ./Drivers/STM32F4xx_HAL_Driver/Src/stm32f4xx_hal_tim_ex.o
                0x000000000800365c                HAL_TIMEx_CommutCallback
 .text.HAL_TIMEx_BreakCallback
                0x0000000008003670       0x14 ./Drivers/STM32F4xx_HAL_Driver/Src/stm32f4xx_hal_tim_ex.o
                0x0000000008003670                HAL_TIMEx_BreakCallback
 .text.HAL_UART_Init
                0x0000000008003684       0xa0 ./Drivers/STM32F4xx_HAL_Driver/Src/stm32f4xx_hal_uart.o
                0x0000000008003684                HAL_UART_Init
 .text.HAL_UART_Transmit_IT
                0x0000000008003724       0x6c ./Drivers/STM32F4xx_HAL_Driver/Src/stm32f4xx_hal_uart.o
                0x0000000008003724                HAL_UART_Transmit_IT
 .text.HAL_UART_Receive_IT
                0x0000000008003790       0x4a ./Drivers/STM32F4xx_HAL_Driver/Src/stm32f4xx_hal_uart.o
                0x0000000008003790                HAL_UART_Receive_IT
 *fill*         0x00000000080037da        0x2 
 .text.HAL_UART_IRQHandler
                0x00000000080037dc      0x524 ./Drivers/STM32F4xx_HAL_Driver/Src/stm32f4xx_hal_uart.o
                0x00000000080037dc                HAL_UART_IRQHandler
 .text.HAL_UART_TxCpltCallback
                0x0000000008003d00       0x14 ./Drivers/STM32F4xx_HAL_Driver/Src/stm32f4xx_hal_uart.o
                0x0000000008003d00                HAL_UART_TxCpltCallback
 .text.HAL_UART_ErrorCallback
                0x0000000008003d14       0x14 ./Drivers/STM32F4xx_HAL_Driver/Src/stm32f4xx_hal_uart.o
                0x0000000008003d14                HAL_UART_ErrorCallback
 .text.HAL_UARTEx_RxEventCallback
                0x0000000008003d28       0x18 ./Drivers/STM32F4xx_HAL_Driver/Src/stm32f4xx_hal_uart.o
                0x0000000008003d28                HAL_UARTEx_RxEventCallback
 .text.UART_Start_Receive_IT
                0x0000000008003d40       0x74 ./Drivers/STM32F4xx_HAL_Driver/Src/stm32f4xx_hal_uart.o
                0x0000000008003d40                UART_Start_Receive_IT
 .text.UART_EndRxTransfer
                0x0000000008003db4       0xc6 ./Drivers/STM32F4xx_HAL_Driver/Src/stm32f4xx_hal_uart.o
 .text.UART_DMAAbortOnError
                0x0000000008003e7a       0x28 ./Drivers/STM32F4xx_HAL_Driver/Src/stm32f4xx_hal_uart.o
 .text.UART_Transmit_IT
                0x0000000008003ea2       0xa0 ./Drivers/STM32F4xx_HAL_Driver/Src/stm32f4xx_hal_uart.o
 .text.UART_EndTransmit_IT
                0x0000000008003f42       0x30 ./Drivers/STM32F4xx_HAL_Driver/Src/stm32f4xx_hal_uart.o
 .text.UART_Receive_IT
                0x0000000008003f72      0x17c ./Drivers/STM32F4xx_HAL_Driver/Src/stm32f4xx_hal_uart.o
 *fill*         0x00000000080040ee        0x2 
 .text.UART_SetConfig
                0x00000000080040f0      0x4e8 ./Drivers/STM32F4xx_HAL_Driver/Src/stm32f4xx_hal_uart.o
 .text.__NVIC_SetPriority
                0x00000000080045d8       0x54 ./Middlewares/Third_Party/FreeRTOS/Source/CMSIS_RTOS_V2/cmsis_os2.o
 .text.SVC_Setup
                0x000000000800462c       0x12 ./Middlewares/Third_Party/FreeRTOS/Source/CMSIS_RTOS_V2/cmsis_os2.o
 *fill*         0x000000000800463e        0x2 
 .text.osKernelInitialize
                0x0000000008004640       0x48 ./Middlewares/Third_Party/FreeRTOS/Source/CMSIS_RTOS_V2/cmsis_os2.o
                0x0000000008004640                osKernelInitialize
 .text.osKernelStart
                0x0000000008004688       0x4c ./Middlewares/Third_Party/FreeRTOS/Source/CMSIS_RTOS_V2/cmsis_os2.o
                0x0000000008004688                osKernelStart
 .text.osThreadNew
                0x00000000080046d4      0x124 ./Middlewares/Third_Party/FreeRTOS/Source/CMSIS_RTOS_V2/cmsis_os2.o
                0x00000000080046d4                osThreadNew
 .text.vApplicationGetIdleTaskMemory
                0x00000000080047f8       0x34 ./Middlewares/Third_Party/FreeRTOS/Source/CMSIS_RTOS_V2/cmsis_os2.o
                0x00000000080047f8                vApplicationGetIdleTaskMemory
 .text.vApplicationGetTimerTaskMemory
                0x000000000800482c       0x34 ./Middlewares/Third_Party/FreeRTOS/Source/CMSIS_RTOS_V2/cmsis_os2.o
                0x000000000800482c                vApplicationGetTimerTaskMemory
 .text.vListInitialise
                0x0000000008004860       0x40 ./Middlewares/Third_Party/FreeRTOS/Source/list.o
                0x0000000008004860                vListInitialise
 .text.vListInitialiseItem
                0x00000000080048a0       0x1a ./Middlewares/Third_Party/FreeRTOS/Source/list.o
                0x00000000080048a0                vListInitialiseItem
 .text.vListInsertEnd
                0x00000000080048ba       0x48 ./Middlewares/Third_Party/FreeRTOS/Source/list.o
                0x00000000080048ba                vListInsertEnd
 .text.vListInsert
                0x0000000008004902       0x72 ./Middlewares/Third_Party/FreeRTOS/Source/list.o
                0x0000000008004902                vListInsert
 .text.uxListRemove
                0x0000000008004974       0x54 ./Middlewares/Third_Party/FreeRTOS/Source/list.o
                0x0000000008004974                uxListRemove
 .text.xQueueGenericReset
                0x00000000080049c8       0xd0 ./Middlewares/Third_Party/FreeRTOS/Source/queue.o
                0x00000000080049c8                xQueueGenericReset
 .text.xQueueGenericCreateStatic
                0x0000000008004a98       0xf0 ./Middlewares/Third_Party/FreeRTOS/Source/queue.o
                0x0000000008004a98                xQueueGenericCreateStatic
 .text.prvInitialiseNewQueue
                0x0000000008004b88       0x46 ./Middlewares/Third_Party/FreeRTOS/Source/queue.o
 *fill*         0x0000000008004bce        0x2 
 .text.xQueueGenericSend
                0x0000000008004bd0      0x1fc ./Middlewares/Third_Party/FreeRTOS/Source/queue.o
                0x0000000008004bd0                xQueueGenericSend
 .text.xQueueGenericSendFromISR
                0x0000000008004dcc      0x136 ./Middlewares/Third_Party/FreeRTOS/Source/queue.o
                0x0000000008004dcc                xQueueGenericSendFromISR
 *fill*         0x0000000008004f02        0x2 
 .text.xQueueReceive
                0x0000000008004f04      0x1c0 ./Middlewares/Third_Party/FreeRTOS/Source/queue.o
                0x0000000008004f04                xQueueReceive
 .text.prvCopyDataToQueue
                0x00000000080050c4       0xd4 ./Middlewares/Third_Party/FreeRTOS/Source/queue.o
 .text.prvCopyDataFromQueue
                0x0000000008005198       0x4c ./Middlewares/Third_Party/FreeRTOS/Source/queue.o
 .text.prvUnlockQueue
                0x00000000080051e4       0xa4 ./Middlewares/Third_Party/FreeRTOS/Source/queue.o
 .text.prvIsQueueEmpty
                0x0000000008005288       0x2c ./Middlewares/Third_Party/FreeRTOS/Source/queue.o
 .text.prvIsQueueFull
                0x00000000080052b4       0x30 ./Middlewares/Third_Party/FreeRTOS/Source/queue.o
 .text.vQueueAddToRegistry
                0x00000000080052e4       0x54 ./Middlewares/Third_Party/FreeRTOS/Source/queue.o
                0x00000000080052e4                vQueueAddToRegistry
 .text.vQueueWaitForMessageRestricted
                0x0000000008005338       0x68 ./Middlewares/Third_Party/FreeRTOS/Source/queue.o
                0x0000000008005338                vQueueWaitForMessageRestricted
 .text.xTaskCreateStatic
                0x00000000080053a0       0xba ./Middlewares/Third_Party/FreeRTOS/Source/tasks.o
                0x00000000080053a0                xTaskCreateStatic
 .text.xTaskCreate
                0x000000000800545a       0x8a ./Middlewares/Third_Party/FreeRTOS/Source/tasks.o
                0x000000000800545a                xTaskCreate
 .text.prvInitialiseNewTask
                0x00000000080054e4      0x11e ./Middlewares/Third_Party/FreeRTOS/Source/tasks.o
 *fill*         0x0000000008005602        0x2 
 .text.prvAddNewTaskToReadyList
                0x0000000008005604       0xe0 ./Middlewares/Third_Party/FreeRTOS/Source/tasks.o
 .text.vTaskStartScheduler
                0x00000000080056e4       0xcc ./Middlewares/Third_Party/FreeRTOS/Source/tasks.o
                0x00000000080056e4                vTaskStartScheduler
 .text.vTaskSuspendAll
                0x00000000080057b0       0x1c ./Middlewares/Third_Party/FreeRTOS/Source/tasks.o
                0x00000000080057b0                vTaskSuspendAll
 .text.xTaskResumeAll
                0x00000000080057cc      0x13c ./Middlewares/Third_Party/FreeRTOS/Source/tasks.o
                0x00000000080057cc                xTaskResumeAll
 .text.xTaskGetTickCount
                0x0000000008005908       0x20 ./Middlewares/Third_Party/FreeRTOS/Source/tasks.o
                0x0000000008005908                xTaskGetTickCount
 .text.xTaskIncrementTick
                0x0000000008005928      0x174 ./Middlewares/Third_Party/FreeRTOS/Source/tasks.o
                0x0000000008005928                xTaskIncrementTick
 .text.vTaskSwitchContext
                0x0000000008005a9c       0xbc ./Middlewares/Third_Party/FreeRTOS/Source/tasks.o
                0x0000000008005a9c                vTaskSwitchContext
 .text.vTaskPlaceOnEventList
                0x0000000008005b58       0x48 ./Middlewares/Third_Party/FreeRTOS/Source/tasks.o
                0x0000000008005b58                vTaskPlaceOnEventList
 .text.vTaskPlaceOnEventListRestricted
                0x0000000008005ba0       0x58 ./Middlewares/Third_Party/FreeRTOS/Source/tasks.o
                0x0000000008005ba0                vTaskPlaceOnEventListRestricted
 .text.xTaskRemoveFromEventList
                0x0000000008005bf8       0xc8 ./Middlewares/Third_Party/FreeRTOS/Source/tasks.o
                0x0000000008005bf8                xTaskRemoveFromEventList
 .text.vTaskInternalSetTimeOutState
                0x0000000008005cc0       0x2c ./Middlewares/Third_Party/FreeRTOS/Source/tasks.o
                0x0000000008005cc0                vTaskInternalSetTimeOutState
 .text.xTaskCheckForTimeOut
                0x0000000008005cec       0xc4 ./Middlewares/Third_Party/FreeRTOS/Source/tasks.o
                0x0000000008005cec                xTaskCheckForTimeOut
 .text.vTaskMissedYield
                0x0000000008005db0       0x18 ./Middlewares/Third_Party/FreeRTOS/Source/tasks.o
                0x0000000008005db0                vTaskMissedYield
 .text.prvIdleTask
                0x0000000008005dc8       0x30 ./Middlewares/Third_Party/FreeRTOS/Source/tasks.o
 .text.prvInitialiseTaskLists
                0x0000000008005df8       0x80 ./Middlewares/Third_Party/FreeRTOS/Source/tasks.o
 .text.prvCheckTasksWaitingTermination
                0x0000000008005e78       0x5c ./Middlewares/Third_Party/FreeRTOS/Source/tasks.o
 .text.prvDeleteTCB
                0x0000000008005ed4       0x5e ./Middlewares/Third_Party/FreeRTOS/Source/tasks.o
 *fill*         0x0000000008005f32        0x2 
 .text.prvResetNextTaskUnblockTime
                0x0000000008005f34       0x40 ./Middlewares/Third_Party/FreeRTOS/Source/tasks.o
 .text.xTaskGetSchedulerState
                0x0000000008005f74       0x3c ./Middlewares/Third_Party/FreeRTOS/Source/tasks.o
                0x0000000008005f74                xTaskGetSchedulerState
 .text.xTaskPriorityDisinherit
                0x0000000008005fb0       0xdc ./Middlewares/Third_Party/FreeRTOS/Source/tasks.o
                0x0000000008005fb0                xTaskPriorityDisinherit
 .text.prvAddCurrentTaskToDelayedList
                0x000000000800608c       0xa8 ./Middlewares/Third_Party/FreeRTOS/Source/tasks.o
 .text.xTimerCreateTimerTask
                0x0000000008006134       0x90 ./Middlewares/Third_Party/FreeRTOS/Source/timers.o
                0x0000000008006134                xTimerCreateTimerTask
 .text.xTimerGenericCommand
                0x00000000080061c4       0x9c ./Middlewares/Third_Party/FreeRTOS/Source/timers.o
                0x00000000080061c4                xTimerGenericCommand
 .text.prvProcessExpiredTimer
                0x0000000008006260       0x98 ./Middlewares/Third_Party/FreeRTOS/Source/timers.o
 .text.prvTimerTask
                0x00000000080062f8       0x24 ./Middlewares/Third_Party/FreeRTOS/Source/timers.o
 .text.prvProcessTimerOrBlockTask
                0x000000000800631c       0x9c ./Middlewares/Third_Party/FreeRTOS/Source/timers.o
 .text.prvGetNextExpireTime
                0x00000000080063b8       0x48 ./Middlewares/Third_Party/FreeRTOS/Source/timers.o
 .text.prvSampleTimeNow
                0x0000000008006400       0x40 ./Middlewares/Third_Party/FreeRTOS/Source/timers.o
 .text.prvInsertTimerInActiveList
                0x0000000008006440       0x84 ./Middlewares/Third_Party/FreeRTOS/Source/timers.o
 .text.prvProcessReceivedCommands
                0x00000000080064c4      0x1c4 ./Middlewares/Third_Party/FreeRTOS/Source/timers.o
 .text.prvSwitchTimerLists
                0x0000000008006688       0xc8 ./Middlewares/Third_Party/FreeRTOS/Source/timers.o
 .text.prvCheckForValidListAndQueue
                0x0000000008006750       0x80 ./Middlewares/Third_Party/FreeRTOS/Source/timers.o
 .text.pxPortInitialiseStack
                0x00000000080067d0       0x68 ./Middlewares/Third_Party/FreeRTOS/Source/portable/GCC/ARM_CM4F/port.o
                0x00000000080067d0                pxPortInitialiseStack
 .text.prvTaskExitError
                0x0000000008006838       0x58 ./Middlewares/Third_Party/FreeRTOS/Source/portable/GCC/ARM_CM4F/port.o
 .text.SVC_Handler
                0x0000000008006890       0x28 ./Middlewares/Third_Party/FreeRTOS/Source/portable/GCC/ARM_CM4F/port.o
                0x0000000008006890                SVC_Handler
 .text.prvPortStartFirstTask
                0x00000000080068b8       0x28 ./Middlewares/Third_Party/FreeRTOS/Source/portable/GCC/ARM_CM4F/port.o
 .text.xPortStartScheduler
                0x00000000080068e0      0x144 ./Middlewares/Third_Party/FreeRTOS/Source/portable/GCC/ARM_CM4F/port.o
                0x00000000080068e0                xPortStartScheduler
 .text.vPortEnterCritical
                0x0000000008006a24       0x60 ./Middlewares/Third_Party/FreeRTOS/Source/portable/GCC/ARM_CM4F/port.o
                0x0000000008006a24                vPortEnterCritical
 .text.vPortExitCritical
                0x0000000008006a84       0x54 ./Middlewares/Third_Party/FreeRTOS/Source/portable/GCC/ARM_CM4F/port.o
                0x0000000008006a84                vPortExitCritical
 *fill*         0x0000000008006ad8        0x8 
 .text.PendSV_Handler
                0x0000000008006ae0       0x68 ./Middlewares/Third_Party/FreeRTOS/Source/portable/GCC/ARM_CM4F/port.o
                0x0000000008006ae0                PendSV_Handler
 .text.xPortSysTickHandler
                0x0000000008006b48       0x44 ./Middlewares/Third_Party/FreeRTOS/Source/portable/GCC/ARM_CM4F/port.o
                0x0000000008006b48                xPortSysTickHandler
 .text.vPortSetupTimerInterrupt
                0x0000000008006b8c       0x48 ./Middlewares/Third_Party/FreeRTOS/Source/portable/GCC/ARM_CM4F/port.o
                0x0000000008006b8c                vPortSetupTimerInterrupt
 .text.vPortEnableVFP
                0x0000000008006bd4       0x14 ./Middlewares/Third_Party/FreeRTOS/Source/portable/GCC/ARM_CM4F/port.o
 .text.vPortValidateInterruptPriority
                0x0000000008006be8       0x80 ./Middlewares/Third_Party/FreeRTOS/Source/portable/GCC/ARM_CM4F/port.o
                0x0000000008006be8                vPortValidateInterruptPriority
 .text.pvPortMalloc
                0x0000000008006c68      0x198 ./Middlewares/Third_Party/FreeRTOS/Source/portable/MemMang/heap_4.o
                0x0000000008006c68                pvPortMalloc
 .text.vPortFree
                0x0000000008006e00       0xc4 ./Middlewares/Third_Party/FreeRTOS/Source/portable/MemMang/heap_4.o
                0x0000000008006e00                vPortFree
 .text.prvHeapInit
                0x0000000008006ec4       0xc4 ./Middlewares/Third_Party/FreeRTOS/Source/portable/MemMang/heap_4.o
 .text.prvInsertBlockIntoFreeList
                0x0000000008006f88       0xb4 ./Middlewares/Third_Party/FreeRTOS/Source/portable/MemMang/heap_4.o
 .text.memset   0x000000000800703c       0x10 D:/cubeide/STM32CubeIDE_1.14.0/STM32CubeIDE/plugins/com.st.stm32cube.ide.mcu.externaltools.gnu-tools-for-stm32.11.3.rel1.win32_1.1.100.202309141235/tools/bin/../lib/gcc/arm-none-eabi/11.3.1/../../../../arm-none-eabi/lib/thumb/v7e-m+fp/hard\libc_nano.a(libc_a-memset.o)
                0x000000000800703c                memset
 .text.__libc_init_array
                0x000000000800704c       0x48 D:/cubeide/STM32CubeIDE_1.14.0/STM32CubeIDE/plugins/com.st.stm32cube.ide.mcu.externaltools.gnu-tools-for-stm32.11.3.rel1.win32_1.1.100.202309141235/tools/bin/../lib/gcc/arm-none-eabi/11.3.1/../../../../arm-none-eabi/lib/thumb/v7e-m+fp/hard\libc_nano.a(libc_a-init.o)
                0x000000000800704c                __libc_init_array
 .text.memcpy   0x0000000008007094       0x1c D:/cubeide/STM32CubeIDE_1.14.0/STM32CubeIDE/plugins/com.st.stm32cube.ide.mcu.externaltools.gnu-tools-for-stm32.11.3.rel1.win32_1.1.100.202309141235/tools/bin/../lib/gcc/arm-none-eabi/11.3.1/../../../../arm-none-eabi/lib/thumb/v7e-m+fp/hard\libc_nano.a(libc_a-memcpy-stub.o)
                0x0000000008007094                memcpy
 *(.glue_7)
 .glue_7        0x00000000080070b0        0x0 linker stubs
 *(.glue_7t)
 .glue_7t       0x00000000080070b0        0x0 linker stubs
 *(.eh_frame)
 .eh_frame      0x00000000080070b0        0x0 D:/cubeide/STM32CubeIDE_1.14.0/STM32CubeIDE/plugins/com.st.stm32cube.ide.mcu.externaltools.gnu-tools-for-stm32.11.3.rel1.win32_1.1.100.202309141235/tools/bin/../lib/gcc/arm-none-eabi/11.3.1/thumb/v7e-m+fp/hard/crtbegin.o
 *(.init)
 .init          0x00000000080070b0        0x4 D:/cubeide/STM32CubeIDE_1.14.0/STM32CubeIDE/plugins/com.st.stm32cube.ide.mcu.externaltools.gnu-tools-for-stm32.11.3.rel1.win32_1.1.100.202309141235/tools/bin/../lib/gcc/arm-none-eabi/11.3.1/thumb/v7e-m+fp/hard/crti.o
                0x00000000080070b0                _init
 .init          0x00000000080070b4        0x8 D:/cubeide/STM32CubeIDE_1.14.0/STM32CubeIDE/plugins/com.st.stm32cube.ide.mcu.externaltools.gnu-tools-for-stm32.11.3.rel1.win32_1.1.100.202309141235/tools/bin/../lib/gcc/arm-none-eabi/11.3.1/thumb/v7e-m+fp/hard/crtn.o
 *(.fini)
 .fini          0x00000000080070bc        0x4 D:/cubeide/STM32CubeIDE_1.14.0/STM32CubeIDE/plugins/com.st.stm32cube.ide.mcu.externaltools.gnu-tools-for-stm32.11.3.rel1.win32_1.1.100.202309141235/tools/bin/../lib/gcc/arm-none-eabi/11.3.1/thumb/v7e-m+fp/hard/crti.o
                0x00000000080070bc                _fini
 .fini          0x00000000080070c0        0x8 D:/cubeide/STM32CubeIDE_1.14.0/STM32CubeIDE/plugins/com.st.stm32cube.ide.mcu.externaltools.gnu-tools-for-stm32.11.3.rel1.win32_1.1.100.202309141235/tools/bin/../lib/gcc/arm-none-eabi/11.3.1/thumb/v7e-m+fp/hard/crtn.o
                0x00000000080070c8                . = ALIGN (0x4)
                0x00000000080070c8                _etext = .

.vfp11_veneer   0x00000000080070c8        0x0
 .vfp11_veneer  0x00000000080070c8        0x0 linker stubs

.v4_bx          0x00000000080070c8        0x0
 .v4_bx         0x00000000080070c8        0x0 linker stubs

.iplt           0x00000000080070c8        0x0
 .iplt          0x00000000080070c8        0x0 D:/cubeide/STM32CubeIDE_1.14.0/STM32CubeIDE/plugins/com.st.stm32cube.ide.mcu.externaltools.gnu-tools-for-stm32.11.3.rel1.win32_1.1.100.202309141235/tools/bin/../lib/gcc/arm-none-eabi/11.3.1/thumb/v7e-m+fp/hard/crtbegin.o

.rodata         0x00000000080070c8      0x294
                0x00000000080070c8                . = ALIGN (0x4)
 *(.rodata)
 .rodata        0x00000000080070c8       0x2c ./Core/Src/freertos.o
 .rodata        0x00000000080070f4       0x12 ./Core/Src/main.o
 *fill*         0x0000000008007106        0x2 
 .rodata        0x0000000008007108      0x200 ./Core/Src/modbus.o
 .rodata        0x0000000008007308        0x5 ./Middlewares/Third_Party/FreeRTOS/Source/tasks.o
 *fill*         0x000000000800730d        0x3 
 .rodata        0x0000000008007310        0xd ./Middlewares/Third_Party/FreeRTOS/Source/timers.o
 *(.rodata*)
 *fill*         0x000000000800731d        0x3 
 .rodata.defaultTask_attributes
                0x0000000008007320       0x24 ./Core/Src/freertos.o
                0x0000000008007320                defaultTask_attributes
 .rodata.AHBPrescTable
                0x0000000008007344       0x10 ./Core/Src/system_stm32f4xx.o
                0x0000000008007344                AHBPrescTable
 .rodata.APBPrescTable
                0x0000000008007354        0x8 ./Core/Src/system_stm32f4xx.o
                0x0000000008007354                APBPrescTable
                0x000000000800735c                . = ALIGN (0x4)

.ARM.extab      0x000000000800735c        0x0
                0x000000000800735c                . = ALIGN (0x4)
 *(.ARM.extab* .gnu.linkonce.armextab.*)
                0x000000000800735c                . = ALIGN (0x4)

.ARM            0x000000000800735c        0x8
                0x000000000800735c                . = ALIGN (0x4)
                0x000000000800735c                __exidx_start = .
 *(.ARM.exidx*)
 .ARM.exidx     0x000000000800735c        0x8 D:/cubeide/STM32CubeIDE_1.14.0/STM32CubeIDE/plugins/com.st.stm32cube.ide.mcu.externaltools.gnu-tools-for-stm32.11.3.rel1.win32_1.1.100.202309141235/tools/bin/../lib/gcc/arm-none-eabi/11.3.1/thumb/v7e-m+fp/hard\libgcc.a(_udivmoddi4.o)
                0x0000000008007364                __exidx_end = .
                0x0000000008007364                . = ALIGN (0x4)

.rel.dyn        0x0000000008007364        0x0
 .rel.iplt      0x0000000008007364        0x0 D:/cubeide/STM32CubeIDE_1.14.0/STM32CubeIDE/plugins/com.st.stm32cube.ide.mcu.externaltools.gnu-tools-for-stm32.11.3.rel1.win32_1.1.100.202309141235/tools/bin/../lib/gcc/arm-none-eabi/11.3.1/thumb/v7e-m+fp/hard/crtbegin.o

.preinit_array  0x0000000008007364        0x0
                0x0000000008007364                . = ALIGN (0x4)
                0x0000000008007364                PROVIDE (__preinit_array_start = .)
 *(.preinit_array*)
                0x0000000008007364                PROVIDE (__preinit_array_end = .)
                0x0000000008007364                . = ALIGN (0x4)

.init_array     0x0000000008007364        0x4
                0x0000000008007364                . = ALIGN (0x4)
                0x0000000008007364                PROVIDE (__init_array_start = .)
 *(SORT_BY_NAME(.init_array.*))
 *(.init_array*)
 .init_array    0x0000000008007364        0x4 D:/cubeide/STM32CubeIDE_1.14.0/STM32CubeIDE/plugins/com.st.stm32cube.ide.mcu.externaltools.gnu-tools-for-stm32.11.3.rel1.win32_1.1.100.202309141235/tools/bin/../lib/gcc/arm-none-eabi/11.3.1/thumb/v7e-m+fp/hard/crtbegin.o
                0x0000000008007368                PROVIDE (__init_array_end = .)
                0x0000000008007368                . = ALIGN (0x4)

.fini_array     0x0000000008007368        0x4
                0x0000000008007368                . = ALIGN (0x4)
                [!provide]                        PROVIDE (__fini_array_start = .)
 *(SORT_BY_NAME(.fini_array.*))
 *(.fini_array*)
 .fini_array    0x0000000008007368        0x4 D:/cubeide/STM32CubeIDE_1.14.0/STM32CubeIDE/plugins/com.st.stm32cube.ide.mcu.externaltools.gnu-tools-for-stm32.11.3.rel1.win32_1.1.100.202309141235/tools/bin/../lib/gcc/arm-none-eabi/11.3.1/thumb/v7e-m+fp/hard/crtbegin.o
                [!provide]                        PROVIDE (__fini_array_end = .)
                0x000000000800736c                . = ALIGN (0x4)
                0x000000000800736c                _sidata = LOADADDR (.data)

.data           0x0000000020000000       0x14 load address 0x000000000800736c
                0x0000000020000000                . = ALIGN (0x4)
                0x0000000020000000                _sdata = .
 *(.data)
 *(.data*)
 .data.modbus_virtual_register
                0x0000000020000000        0x4 ./Core/Src/modbus.o
                0x0000000020000000                modbus_virtual_register
 .data.SystemCoreClock
                0x0000000020000004        0x4 ./Core/Src/system_stm32f4xx.o
                0x0000000020000004                SystemCoreClock
 .data.uwTickPrio
                0x0000000020000008        0x4 ./Drivers/STM32F4xx_HAL_Driver/Src/stm32f4xx_hal.o
                0x0000000020000008                uwTickPrio
 .data.uwTickFreq
                0x000000002000000c        0x1 ./Drivers/STM32F4xx_HAL_Driver/Src/stm32f4xx_hal.o
                0x000000002000000c                uwTickFreq
 *fill*         0x000000002000000d        0x3 
 .data.uxCriticalNesting
                0x0000000020000010        0x4 ./Middlewares/Third_Party/FreeRTOS/Source/portable/GCC/ARM_CM4F/port.o
 *(.RamFunc)
 *(.RamFunc*)
                0x0000000020000014                . = ALIGN (0x4)
                0x0000000020000014                _edata = .

.igot.plt       0x0000000020000014        0x0 load address 0x0000000008007380
 .igot.plt      0x0000000020000014        0x0 D:/cubeide/STM32CubeIDE_1.14.0/STM32CubeIDE/plugins/com.st.stm32cube.ide.mcu.externaltools.gnu-tools-for-stm32.11.3.rel1.win32_1.1.100.202309141235/tools/bin/../lib/gcc/arm-none-eabi/11.3.1/thumb/v7e-m+fp/hard/crtbegin.o
                0x0000000020000014                . = ALIGN (0x4)

.bss            0x0000000020000014     0x4b90 load address 0x0000000008007380
                0x0000000020000014                _sbss = .
                0x0000000020000014                __bss_start__ = _sbss
 *(.bss)
 .bss           0x0000000020000014       0x1c D:/cubeide/STM32CubeIDE_1.14.0/STM32CubeIDE/plugins/com.st.stm32cube.ide.mcu.externaltools.gnu-tools-for-stm32.11.3.rel1.win32_1.1.100.202309141235/tools/bin/../lib/gcc/arm-none-eabi/11.3.1/thumb/v7e-m+fp/hard/crtbegin.o
 *(.bss*)
 .bss.defaultTaskHandle
                0x0000000020000030        0x4 ./Core/Src/freertos.o
                0x0000000020000030                defaultTaskHandle
 .bss.code_key  0x0000000020000034        0x1 ./Core/Src/main.o
                0x0000000020000034                code_key
 *fill*         0x0000000020000035        0x3 
 .bss.modbus_Tx_buff
                0x0000000020000038       0x64 ./Core/Src/modbus.o
                0x0000000020000038                modbus_Tx_buff
 .bss.PwmNum    0x000000002000009c        0x2 ./Core/Src/modbus.o
                0x000000002000009c                PwmNum
 *fill*         0x000000002000009e        0x2 
 .bss.modbus_time
                0x00000000200000a0        0x4 ./Core/Src/tim.o
                0x00000000200000a0                modbus_time
 .bss.htim2     0x00000000200000a4       0x48 ./Core/Src/tim.o
                0x00000000200000a4                htim2
 .bss.htim3     0x00000000200000ec       0x48 ./Core/Src/tim.o
                0x00000000200000ec                htim3
 .bss.cnt.0     0x0000000020000134        0x2 ./Core/Src/tim.o
 *fill*         0x0000000020000136        0x2 
 .bss.USART_RX_BUF
                0x0000000020000138       0xc8 ./Core/Src/usart.o
                0x0000000020000138                USART_RX_BUF
 .bss.USART_RX_STA
                0x0000000020000200        0x2 ./Core/Src/usart.o
                0x0000000020000200                USART_RX_STA
 *fill*         0x0000000020000202        0x2 
 .bss.aRxBuffer
                0x0000000020000204        0x1 ./Core/Src/usart.o
                0x0000000020000204                aRxBuffer
 *fill*         0x0000000020000205        0x3 
 .bss.huart1    0x0000000020000208       0x48 ./Core/Src/usart.o
                0x0000000020000208                huart1
 .bss.uwTick    0x0000000020000250        0x4 ./Drivers/STM32F4xx_HAL_Driver/Src/stm32f4xx_hal.o
                0x0000000020000250                uwTick
 .bss.KernelState
                0x0000000020000254        0x4 ./Middlewares/Third_Party/FreeRTOS/Source/CMSIS_RTOS_V2/cmsis_os2.o
 .bss.Idle_TCB.3
                0x0000000020000258       0x5c ./Middlewares/Third_Party/FreeRTOS/Source/CMSIS_RTOS_V2/cmsis_os2.o
 .bss.Idle_Stack.2
                0x00000000200002b4      0x200 ./Middlewares/Third_Party/FreeRTOS/Source/CMSIS_RTOS_V2/cmsis_os2.o
 .bss.Timer_TCB.1
                0x00000000200004b4       0x5c ./Middlewares/Third_Party/FreeRTOS/Source/CMSIS_RTOS_V2/cmsis_os2.o
 .bss.Timer_Stack.0
                0x0000000020000510      0x400 ./Middlewares/Third_Party/FreeRTOS/Source/CMSIS_RTOS_V2/cmsis_os2.o
 .bss.xQueueRegistry
                0x0000000020000910       0x40 ./Middlewares/Third_Party/FreeRTOS/Source/queue.o
                0x0000000020000910                xQueueRegistry
 .bss.pxCurrentTCB
                0x0000000020000950        0x4 ./Middlewares/Third_Party/FreeRTOS/Source/tasks.o
                0x0000000020000950                pxCurrentTCB
 .bss.pxReadyTasksLists
                0x0000000020000954      0x460 ./Middlewares/Third_Party/FreeRTOS/Source/tasks.o
 .bss.xDelayedTaskList1
                0x0000000020000db4       0x14 ./Middlewares/Third_Party/FreeRTOS/Source/tasks.o
 .bss.xDelayedTaskList2
                0x0000000020000dc8       0x14 ./Middlewares/Third_Party/FreeRTOS/Source/tasks.o
 .bss.pxDelayedTaskList
                0x0000000020000ddc        0x4 ./Middlewares/Third_Party/FreeRTOS/Source/tasks.o
 .bss.pxOverflowDelayedTaskList
                0x0000000020000de0        0x4 ./Middlewares/Third_Party/FreeRTOS/Source/tasks.o
 .bss.xPendingReadyList
                0x0000000020000de4       0x14 ./Middlewares/Third_Party/FreeRTOS/Source/tasks.o
 .bss.xTasksWaitingTermination
                0x0000000020000df8       0x14 ./Middlewares/Third_Party/FreeRTOS/Source/tasks.o
 .bss.uxDeletedTasksWaitingCleanUp
                0x0000000020000e0c        0x4 ./Middlewares/Third_Party/FreeRTOS/Source/tasks.o
 .bss.xSuspendedTaskList
                0x0000000020000e10       0x14 ./Middlewares/Third_Party/FreeRTOS/Source/tasks.o
 .bss.uxCurrentNumberOfTasks
                0x0000000020000e24        0x4 ./Middlewares/Third_Party/FreeRTOS/Source/tasks.o
 .bss.xTickCount
                0x0000000020000e28        0x4 ./Middlewares/Third_Party/FreeRTOS/Source/tasks.o
 .bss.uxTopReadyPriority
                0x0000000020000e2c        0x4 ./Middlewares/Third_Party/FreeRTOS/Source/tasks.o
 .bss.xSchedulerRunning
                0x0000000020000e30        0x4 ./Middlewares/Third_Party/FreeRTOS/Source/tasks.o
 .bss.xPendedTicks
                0x0000000020000e34        0x4 ./Middlewares/Third_Party/FreeRTOS/Source/tasks.o
 .bss.xYieldPending
                0x0000000020000e38        0x4 ./Middlewares/Third_Party/FreeRTOS/Source/tasks.o
 .bss.xNumOfOverflows
                0x0000000020000e3c        0x4 ./Middlewares/Third_Party/FreeRTOS/Source/tasks.o
 .bss.uxTaskNumber
                0x0000000020000e40        0x4 ./Middlewares/Third_Party/FreeRTOS/Source/tasks.o
 .bss.xNextTaskUnblockTime
                0x0000000020000e44        0x4 ./Middlewares/Third_Party/FreeRTOS/Source/tasks.o
 .bss.xIdleTaskHandle
                0x0000000020000e48        0x4 ./Middlewares/Third_Party/FreeRTOS/Source/tasks.o
 .bss.uxSchedulerSuspended
                0x0000000020000e4c        0x4 ./Middlewares/Third_Party/FreeRTOS/Source/tasks.o
 .bss.xActiveTimerList1
                0x0000000020000e50       0x14 ./Middlewares/Third_Party/FreeRTOS/Source/timers.o
 .bss.xActiveTimerList2
                0x0000000020000e64       0x14 ./Middlewares/Third_Party/FreeRTOS/Source/timers.o
 .bss.pxCurrentTimerList
                0x0000000020000e78        0x4 ./Middlewares/Third_Party/FreeRTOS/Source/timers.o
 .bss.pxOverflowTimerList
                0x0000000020000e7c        0x4 ./Middlewares/Third_Party/FreeRTOS/Source/timers.o
 .bss.xTimerQueue
                0x0000000020000e80        0x4 ./Middlewares/Third_Party/FreeRTOS/Source/timers.o
 .bss.xTimerTaskHandle
                0x0000000020000e84        0x4 ./Middlewares/Third_Party/FreeRTOS/Source/timers.o
 .bss.xLastTime.2
                0x0000000020000e88        0x4 ./Middlewares/Third_Party/FreeRTOS/Source/timers.o
 .bss.ucStaticTimerQueueStorage.1
                0x0000000020000e8c       0xa0 ./Middlewares/Third_Party/FreeRTOS/Source/timers.o
 .bss.xStaticTimerQueue.0
                0x0000000020000f2c       0x50 ./Middlewares/Third_Party/FreeRTOS/Source/timers.o
 .bss.ucMaxSysCallPriority
                0x0000000020000f7c        0x1 ./Middlewares/Third_Party/FreeRTOS/Source/portable/GCC/ARM_CM4F/port.o
 *fill*         0x0000000020000f7d        0x3 
 .bss.ulMaxPRIGROUPValue
                0x0000000020000f80        0x4 ./Middlewares/Third_Party/FreeRTOS/Source/portable/GCC/ARM_CM4F/port.o
 .bss.ucHeap    0x0000000020000f84     0x3c00 ./Middlewares/Third_Party/FreeRTOS/Source/portable/MemMang/heap_4.o
 .bss.xStart    0x0000000020004b84        0x8 ./Middlewares/Third_Party/FreeRTOS/Source/portable/MemMang/heap_4.o
 .bss.pxEnd     0x0000000020004b8c        0x4 ./Middlewares/Third_Party/FreeRTOS/Source/portable/MemMang/heap_4.o
 .bss.xFreeBytesRemaining
                0x0000000020004b90        0x4 ./Middlewares/Third_Party/FreeRTOS/Source/portable/MemMang/heap_4.o
 .bss.xMinimumEverFreeBytesRemaining
                0x0000000020004b94        0x4 ./Middlewares/Third_Party/FreeRTOS/Source/portable/MemMang/heap_4.o
 .bss.xNumberOfSuccessfulAllocations
                0x0000000020004b98        0x4 ./Middlewares/Third_Party/FreeRTOS/Source/portable/MemMang/heap_4.o
 .bss.xNumberOfSuccessfulFrees
                0x0000000020004b9c        0x4 ./Middlewares/Third_Party/FreeRTOS/Source/portable/MemMang/heap_4.o
 .bss.xBlockAllocatedBit
                0x0000000020004ba0        0x4 ./Middlewares/Third_Party/FreeRTOS/Source/portable/MemMang/heap_4.o
 *(COMMON)
                0x0000000020004ba4                . = ALIGN (0x4)
                0x0000000020004ba4                _ebss = .
                0x0000000020004ba4                __bss_end__ = _ebss

._user_heap_stack
                0x0000000020004ba4      0x604 load address 0x0000000008007380
                0x0000000020004ba8                . = ALIGN (0x8)
 *fill*         0x0000000020004ba4        0x4 
                [!provide]                        PROVIDE (end = .)
                0x0000000020004ba8                PROVIDE (_end = .)
                0x0000000020004da8                . = (. + _Min_Heap_Size)
 *fill*         0x0000000020004ba8      0x200 
                0x00000000200051a8                . = (. + _Min_Stack_Size)
 *fill*         0x0000000020004da8      0x400 
                0x00000000200051a8                . = ALIGN (0x8)

/DISCARD/
 libc.a(*)
 libm.a(*)
 libgcc.a(*)

.ARM.attributes
                0x0000000000000000       0x30
 *(.ARM.attributes)
 .ARM.attributes
                0x0000000000000000       0x1e D:/cubeide/STM32CubeIDE_1.14.0/STM32CubeIDE/plugins/com.st.stm32cube.ide.mcu.externaltools.gnu-tools-for-stm32.11.3.rel1.win32_1.1.100.202309141235/tools/bin/../lib/gcc/arm-none-eabi/11.3.1/thumb/v7e-m+fp/hard/crti.o
 .ARM.attributes
                0x000000000000001e       0x34 D:/cubeide/STM32CubeIDE_1.14.0/STM32CubeIDE/plugins/com.st.stm32cube.ide.mcu.externaltools.gnu-tools-for-stm32.11.3.rel1.win32_1.1.100.202309141235/tools/bin/../lib/gcc/arm-none-eabi/11.3.1/thumb/v7e-m+fp/hard/crtbegin.o
 .ARM.attributes
                0x0000000000000052       0x34 ./Core/Src/freertos.o
 .ARM.attributes
                0x0000000000000086       0x34 ./Core/Src/gpio.o
 .ARM.attributes
                0x00000000000000ba       0x34 ./Core/Src/main.o
 .ARM.attributes
                0x00000000000000ee       0x34 ./Core/Src/modbus.o
 .ARM.attributes
                0x0000000000000122       0x34 ./Core/Src/stm32f4xx_hal_msp.o
 .ARM.attributes
                0x0000000000000156       0x34 ./Core/Src/stm32f4xx_it.o
 .ARM.attributes
                0x000000000000018a       0x34 ./Core/Src/system_stm32f4xx.o
 .ARM.attributes
                0x00000000000001be       0x34 ./Core/Src/tim.o
 .ARM.attributes
                0x00000000000001f2       0x34 ./Core/Src/usart.o
 .ARM.attributes
                0x0000000000000226       0x21 ./Core/Startup/startup_stm32f401rctx.o
 .ARM.attributes
                0x0000000000000247       0x34 ./Drivers/STM32F4xx_HAL_Driver/Src/stm32f4xx_hal.o
 .ARM.attributes
                0x000000000000027b       0x34 ./Drivers/STM32F4xx_HAL_Driver/Src/stm32f4xx_hal_cortex.o
 .ARM.attributes
                0x00000000000002af       0x34 ./Drivers/STM32F4xx_HAL_Driver/Src/stm32f4xx_hal_dma.o
 .ARM.attributes
                0x00000000000002e3       0x34 ./Drivers/STM32F4xx_HAL_Driver/Src/stm32f4xx_hal_gpio.o
 .ARM.attributes
                0x0000000000000317       0x34 ./Drivers/STM32F4xx_HAL_Driver/Src/stm32f4xx_hal_rcc.o
 .ARM.attributes
                0x000000000000034b       0x34 ./Drivers/STM32F4xx_HAL_Driver/Src/stm32f4xx_hal_tim.o
 .ARM.attributes
                0x000000000000037f       0x34 ./Drivers/STM32F4xx_HAL_Driver/Src/stm32f4xx_hal_tim_ex.o
 .ARM.attributes
                0x00000000000003b3       0x34 ./Drivers/STM32F4xx_HAL_Driver/Src/stm32f4xx_hal_uart.o
 .ARM.attributes
                0x00000000000003e7       0x34 ./Middlewares/Third_Party/FreeRTOS/Source/CMSIS_RTOS_V2/cmsis_os2.o
 .ARM.attributes
                0x000000000000041b       0x34 ./Middlewares/Third_Party/FreeRTOS/Source/list.o
 .ARM.attributes
                0x000000000000044f       0x34 ./Middlewares/Third_Party/FreeRTOS/Source/queue.o
 .ARM.attributes
                0x0000000000000483       0x34 ./Middlewares/Third_Party/FreeRTOS/Source/tasks.o
 .ARM.attributes
                0x00000000000004b7       0x34 ./Middlewares/Third_Party/FreeRTOS/Source/timers.o
 .ARM.attributes
                0x00000000000004eb       0x34 ./Middlewares/Third_Party/FreeRTOS/Source/portable/GCC/ARM_CM4F/port.o
 .ARM.attributes
                0x000000000000051f       0x34 ./Middlewares/Third_Party/FreeRTOS/Source/portable/MemMang/heap_4.o
 .ARM.attributes
                0x0000000000000553       0x34 D:/cubeide/STM32CubeIDE_1.14.0/STM32CubeIDE/plugins/com.st.stm32cube.ide.mcu.externaltools.gnu-tools-for-stm32.11.3.rel1.win32_1.1.100.202309141235/tools/bin/../lib/gcc/arm-none-eabi/11.3.1/../../../../arm-none-eabi/lib/thumb/v7e-m+fp/hard\libc_nano.a(libc_a-memset.o)
 .ARM.attributes
                0x0000000000000587       0x34 D:/cubeide/STM32CubeIDE_1.14.0/STM32CubeIDE/plugins/com.st.stm32cube.ide.mcu.externaltools.gnu-tools-for-stm32.11.3.rel1.win32_1.1.100.202309141235/tools/bin/../lib/gcc/arm-none-eabi/11.3.1/../../../../arm-none-eabi/lib/thumb/v7e-m+fp/hard\libc_nano.a(libc_a-init.o)
 .ARM.attributes
                0x00000000000005bb       0x34 D:/cubeide/STM32CubeIDE_1.14.0/STM32CubeIDE/plugins/com.st.stm32cube.ide.mcu.externaltools.gnu-tools-for-stm32.11.3.rel1.win32_1.1.100.202309141235/tools/bin/../lib/gcc/arm-none-eabi/11.3.1/../../../../arm-none-eabi/lib/thumb/v7e-m+fp/hard\libc_nano.a(libc_a-memcpy-stub.o)
 .ARM.attributes
                0x00000000000005ef       0x1e D:/cubeide/STM32CubeIDE_1.14.0/STM32CubeIDE/plugins/com.st.stm32cube.ide.mcu.externaltools.gnu-tools-for-stm32.11.3.rel1.win32_1.1.100.202309141235/tools/bin/../lib/gcc/arm-none-eabi/11.3.1/thumb/v7e-m+fp/hard\libgcc.a(_aeabi_uldivmod.o)
 .ARM.attributes
                0x000000000000060d       0x34 D:/cubeide/STM32CubeIDE_1.14.0/STM32CubeIDE/plugins/com.st.stm32cube.ide.mcu.externaltools.gnu-tools-for-stm32.11.3.rel1.win32_1.1.100.202309141235/tools/bin/../lib/gcc/arm-none-eabi/11.3.1/thumb/v7e-m+fp/hard\libgcc.a(_udivmoddi4.o)
 .ARM.attributes
                0x0000000000000641       0x1e D:/cubeide/STM32CubeIDE_1.14.0/STM32CubeIDE/plugins/com.st.stm32cube.ide.mcu.externaltools.gnu-tools-for-stm32.11.3.rel1.win32_1.1.100.202309141235/tools/bin/../lib/gcc/arm-none-eabi/11.3.1/thumb/v7e-m+fp/hard\libgcc.a(_dvmd_tls.o)
 .ARM.attributes
                0x000000000000065f       0x1e D:/cubeide/STM32CubeIDE_1.14.0/STM32CubeIDE/plugins/com.st.stm32cube.ide.mcu.externaltools.gnu-tools-for-stm32.11.3.rel1.win32_1.1.100.202309141235/tools/bin/../lib/gcc/arm-none-eabi/11.3.1/thumb/v7e-m+fp/hard/crtn.o
OUTPUT(M4uart.elf elf32-littlearm)
LOAD linker stubs
LOAD D:/cubeide/STM32CubeIDE_1.14.0/STM32CubeIDE/plugins/com.st.stm32cube.ide.mcu.externaltools.gnu-tools-for-stm32.11.3.rel1.win32_1.1.100.202309141235/tools/bin/../lib/gcc/arm-none-eabi/11.3.1/../../../../arm-none-eabi/lib/thumb/v7e-m+fp/hard\libc.a
LOAD D:/cubeide/STM32CubeIDE_1.14.0/STM32CubeIDE/plugins/com.st.stm32cube.ide.mcu.externaltools.gnu-tools-for-stm32.11.3.rel1.win32_1.1.100.202309141235/tools/bin/../lib/gcc/arm-none-eabi/11.3.1/../../../../arm-none-eabi/lib/thumb/v7e-m+fp/hard\libm.a
LOAD D:/cubeide/STM32CubeIDE_1.14.0/STM32CubeIDE/plugins/com.st.stm32cube.ide.mcu.externaltools.gnu-tools-for-stm32.11.3.rel1.win32_1.1.100.202309141235/tools/bin/../lib/gcc/arm-none-eabi/11.3.1/thumb/v7e-m+fp/hard\libgcc.a

.comment        0x0000000000000000       0x43
 .comment       0x0000000000000000       0x43 D:/cubeide/STM32CubeIDE_1.14.0/STM32CubeIDE/plugins/com.st.stm32cube.ide.mcu.externaltools.gnu-tools-for-stm32.11.3.rel1.win32_1.1.100.202309141235/tools/bin/../lib/gcc/arm-none-eabi/11.3.1/thumb/v7e-m+fp/hard/crtbegin.o
                                         0x44 (size before relaxing)
 .comment       0x0000000000000043       0x44 ./Core/Src/freertos.o
 .comment       0x0000000000000043       0x44 ./Core/Src/gpio.o
 .comment       0x0000000000000043       0x44 ./Core/Src/main.o
 .comment       0x0000000000000043       0x44 ./Core/Src/modbus.o
 .comment       0x0000000000000043       0x44 ./Core/Src/stm32f4xx_hal_msp.o
 .comment       0x0000000000000043       0x44 ./Core/Src/stm32f4xx_it.o
 .comment       0x0000000000000043       0x44 ./Core/Src/system_stm32f4xx.o
 .comment       0x0000000000000043       0x44 ./Core/Src/tim.o
 .comment       0x0000000000000043       0x44 ./Core/Src/usart.o
 .comment       0x0000000000000043       0x44 ./Drivers/STM32F4xx_HAL_Driver/Src/stm32f4xx_hal.o
 .comment       0x0000000000000043       0x44 ./Drivers/STM32F4xx_HAL_Driver/Src/stm32f4xx_hal_cortex.o
 .comment       0x0000000000000043       0x44 ./Drivers/STM32F4xx_HAL_Driver/Src/stm32f4xx_hal_dma.o
 .comment       0x0000000000000043       0x44 ./Drivers/STM32F4xx_HAL_Driver/Src/stm32f4xx_hal_gpio.o
 .comment       0x0000000000000043       0x44 ./Drivers/STM32F4xx_HAL_Driver/Src/stm32f4xx_hal_rcc.o
 .comment       0x0000000000000043       0x44 ./Drivers/STM32F4xx_HAL_Driver/Src/stm32f4xx_hal_tim.o
 .comment       0x0000000000000043       0x44 ./Drivers/STM32F4xx_HAL_Driver/Src/stm32f4xx_hal_tim_ex.o
 .comment       0x0000000000000043       0x44 ./Drivers/STM32F4xx_HAL_Driver/Src/stm32f4xx_hal_uart.o
 .comment       0x0000000000000043       0x44 ./Middlewares/Third_Party/FreeRTOS/Source/CMSIS_RTOS_V2/cmsis_os2.o
 .comment       0x0000000000000043       0x44 ./Middlewares/Third_Party/FreeRTOS/Source/list.o
 .comment       0x0000000000000043       0x44 ./Middlewares/Third_Party/FreeRTOS/Source/queue.o
 .comment       0x0000000000000043       0x44 ./Middlewares/Third_Party/FreeRTOS/Source/tasks.o
 .comment       0x0000000000000043       0x44 ./Middlewares/Third_Party/FreeRTOS/Source/timers.o
 .comment       0x0000000000000043       0x44 ./Middlewares/Third_Party/FreeRTOS/Source/portable/GCC/ARM_CM4F/port.o
 .comment       0x0000000000000043       0x44 ./Middlewares/Third_Party/FreeRTOS/Source/portable/MemMang/heap_4.o

.debug_info     0x0000000000000000    0x18d42
 .debug_info    0x0000000000000000      0x992 ./Core/Src/freertos.o
 .debug_info    0x0000000000000992      0x44f ./Core/Src/gpio.o
 .debug_info    0x0000000000000de1      0xfbd ./Core/Src/main.o
 .debug_info    0x0000000000001d9e      0xcce ./Core/Src/modbus.o
 .debug_info    0x0000000000002a6c      0x449 ./Core/Src/stm32f4xx_hal_msp.o
 .debug_info    0x0000000000002eb5      0x9a7 ./Core/Src/stm32f4xx_it.o
 .debug_info    0x000000000000385c      0x53e ./Core/Src/system_stm32f4xx.o
 .debug_info    0x0000000000003d9a      0xf8e ./Core/Src/tim.o
 .debug_info    0x0000000000004d28      0xbde ./Core/Src/usart.o
 .debug_info    0x0000000000005906       0x23 ./Core/Startup/startup_stm32f401rctx.o
 .debug_info    0x0000000000005929      0x8bb ./Drivers/STM32F4xx_HAL_Driver/Src/stm32f4xx_hal.o
 .debug_info    0x00000000000061e4      0xcc1 ./Drivers/STM32F4xx_HAL_Driver/Src/stm32f4xx_hal_cortex.o
 .debug_info    0x0000000000006ea5      0x8e6 ./Drivers/STM32F4xx_HAL_Driver/Src/stm32f4xx_hal_dma.o
 .debug_info    0x000000000000778b      0x6f9 ./Drivers/STM32F4xx_HAL_Driver/Src/stm32f4xx_hal_gpio.o
 .debug_info    0x0000000000007e84      0x8f3 ./Drivers/STM32F4xx_HAL_Driver/Src/stm32f4xx_hal_rcc.o
 .debug_info    0x0000000000008777     0x2996 ./Drivers/STM32F4xx_HAL_Driver/Src/stm32f4xx_hal_tim.o
 .debug_info    0x000000000000b10d     0x14d4 ./Drivers/STM32F4xx_HAL_Driver/Src/stm32f4xx_hal_tim_ex.o
 .debug_info    0x000000000000c5e1     0x2f56 ./Drivers/STM32F4xx_HAL_Driver/Src/stm32f4xx_hal_uart.o
 .debug_info    0x000000000000f537     0x39bc ./Middlewares/Third_Party/FreeRTOS/Source/CMSIS_RTOS_V2/cmsis_os2.o
 .debug_info    0x0000000000012ef3      0x2af ./Middlewares/Third_Party/FreeRTOS/Source/list.o
 .debug_info    0x00000000000131a2     0x1b79 ./Middlewares/Third_Party/FreeRTOS/Source/queue.o
 .debug_info    0x0000000000014d1b     0x21ec ./Middlewares/Third_Party/FreeRTOS/Source/tasks.o
 .debug_info    0x0000000000016f07     0x1488 ./Middlewares/Third_Party/FreeRTOS/Source/timers.o
 .debug_info    0x000000000001838f      0x4de ./Middlewares/Third_Party/FreeRTOS/Source/portable/GCC/ARM_CM4F/port.o
 .debug_info    0x000000000001886d      0x4d5 ./Middlewares/Third_Party/FreeRTOS/Source/portable/MemMang/heap_4.o

.debug_abbrev   0x0000000000000000     0x3a66
 .debug_abbrev  0x0000000000000000      0x213 ./Core/Src/freertos.o
 .debug_abbrev  0x0000000000000213      0x151 ./Core/Src/gpio.o
 .debug_abbrev  0x0000000000000364      0x2e8 ./Core/Src/main.o
 .debug_abbrev  0x000000000000064c      0x245 ./Core/Src/modbus.o
 .debug_abbrev  0x0000000000000891      0x119 ./Core/Src/stm32f4xx_hal_msp.o
 .debug_abbrev  0x00000000000009aa      0x1c4 ./Core/Src/stm32f4xx_it.o
 .debug_abbrev  0x0000000000000b6e      0x11a ./Core/Src/system_stm32f4xx.o
 .debug_abbrev  0x0000000000000c88      0x256 ./Core/Src/tim.o
 .debug_abbrev  0x0000000000000ede      0x21a ./Core/Src/usart.o
 .debug_abbrev  0x00000000000010f8       0x12 ./Core/Startup/startup_stm32f401rctx.o
 .debug_abbrev  0x000000000000110a      0x24b ./Drivers/STM32F4xx_HAL_Driver/Src/stm32f4xx_hal.o
 .debug_abbrev  0x0000000000001355      0x328 ./Drivers/STM32F4xx_HAL_Driver/Src/stm32f4xx_hal_cortex.o
 .debug_abbrev  0x000000000000167d      0x221 ./Drivers/STM32F4xx_HAL_Driver/Src/stm32f4xx_hal_dma.o
 .debug_abbrev  0x000000000000189e      0x1d3 ./Drivers/STM32F4xx_HAL_Driver/Src/stm32f4xx_hal_gpio.o
 .debug_abbrev  0x0000000000001a71      0x2b5 ./Drivers/STM32F4xx_HAL_Driver/Src/stm32f4xx_hal_rcc.o
 .debug_abbrev  0x0000000000001d26      0x28b ./Drivers/STM32F4xx_HAL_Driver/Src/stm32f4xx_hal_tim.o
 .debug_abbrev  0x0000000000001fb1      0x296 ./Drivers/STM32F4xx_HAL_Driver/Src/stm32f4xx_hal_tim_ex.o
 .debug_abbrev  0x0000000000002247      0x31b ./Drivers/STM32F4xx_HAL_Driver/Src/stm32f4xx_hal_uart.o
 .debug_abbrev  0x0000000000002562      0x508 ./Middlewares/Third_Party/FreeRTOS/Source/CMSIS_RTOS_V2/cmsis_os2.o
 .debug_abbrev  0x0000000000002a6a       0xf5 ./Middlewares/Third_Party/FreeRTOS/Source/list.o
 .debug_abbrev  0x0000000000002b5f      0x3b6 ./Middlewares/Third_Party/FreeRTOS/Source/queue.o
 .debug_abbrev  0x0000000000002f15      0x386 ./Middlewares/Third_Party/FreeRTOS/Source/tasks.o
 .debug_abbrev  0x000000000000329b      0x352 ./Middlewares/Third_Party/FreeRTOS/Source/timers.o
 .debug_abbrev  0x00000000000035ed      0x25c ./Middlewares/Third_Party/FreeRTOS/Source/portable/GCC/ARM_CM4F/port.o
 .debug_abbrev  0x0000000000003849      0x21d ./Middlewares/Third_Party/FreeRTOS/Source/portable/MemMang/heap_4.o

.debug_aranges  0x0000000000000000     0x1518
 .debug_aranges
                0x0000000000000000       0x38 ./Core/Src/freertos.o
 .debug_aranges
                0x0000000000000038       0x20 ./Core/Src/gpio.o
 .debug_aranges
                0x0000000000000058       0x40 ./Core/Src/main.o
 .debug_aranges
                0x0000000000000098       0x50 ./Core/Src/modbus.o
 .debug_aranges
                0x00000000000000e8       0x20 ./Core/Src/stm32f4xx_hal_msp.o
 .debug_aranges
                0x0000000000000108       0x68 ./Core/Src/stm32f4xx_it.o
 .debug_aranges
                0x0000000000000170       0x28 ./Core/Src/system_stm32f4xx.o
 .debug_aranges
                0x0000000000000198       0x50 ./Core/Src/tim.o
 .debug_aranges
                0x00000000000001e8       0x38 ./Core/Src/usart.o
 .debug_aranges
                0x0000000000000220       0x28 ./Core/Startup/startup_stm32f401rctx.o
 .debug_aranges
                0x0000000000000248       0xf0 ./Drivers/STM32F4xx_HAL_Driver/Src/stm32f4xx_hal.o
 .debug_aranges
                0x0000000000000338      0x120 ./Drivers/STM32F4xx_HAL_Driver/Src/stm32f4xx_hal_cortex.o
 .debug_aranges
                0x0000000000000458       0x90 ./Drivers/STM32F4xx_HAL_Driver/Src/stm32f4xx_hal_dma.o
 .debug_aranges
                0x00000000000004e8       0x58 ./Drivers/STM32F4xx_HAL_Driver/Src/stm32f4xx_hal_gpio.o
 .debug_aranges
                0x0000000000000540       0x88 ./Drivers/STM32F4xx_HAL_Driver/Src/stm32f4xx_hal_rcc.o
 .debug_aranges
                0x00000000000005c8      0x3d0 ./Drivers/STM32F4xx_HAL_Driver/Src/stm32f4xx_hal_tim.o
 .debug_aranges
                0x0000000000000998      0x168 ./Drivers/STM32F4xx_HAL_Driver/Src/stm32f4xx_hal_tim_ex.o
 .debug_aranges
                0x0000000000000b00      0x208 ./Drivers/STM32F4xx_HAL_Driver/Src/stm32f4xx_hal_uart.o
 .debug_aranges
                0x0000000000000d08      0x2a8 ./Middlewares/Third_Party/FreeRTOS/Source/CMSIS_RTOS_V2/cmsis_os2.o
 .debug_aranges
                0x0000000000000fb0       0x40 ./Middlewares/Third_Party/FreeRTOS/Source/list.o
 .debug_aranges
                0x0000000000000ff0      0x158 ./Middlewares/Third_Party/FreeRTOS/Source/queue.o
 .debug_aranges
                0x0000000000001148      0x208 ./Middlewares/Third_Party/FreeRTOS/Source/tasks.o
 .debug_aranges
                0x0000000000001350       0xf0 ./Middlewares/Third_Party/FreeRTOS/Source/timers.o
 .debug_aranges
                0x0000000000001440       0x80 ./Middlewares/Third_Party/FreeRTOS/Source/portable/GCC/ARM_CM4F/port.o
 .debug_aranges
                0x00000000000014c0       0x58 ./Middlewares/Third_Party/FreeRTOS/Source/portable/MemMang/heap_4.o

.debug_rnglists
                0x0000000000000000     0x105b
 .debug_rnglists
                0x0000000000000000       0x25 ./Core/Src/freertos.o
 .debug_rnglists
                0x0000000000000025       0x14 ./Core/Src/gpio.o
 .debug_rnglists
                0x0000000000000039       0x2d ./Core/Src/main.o
 .debug_rnglists
                0x0000000000000066       0x3d ./Core/Src/modbus.o
 .debug_rnglists
                0x00000000000000a3       0x13 ./Core/Src/stm32f4xx_hal_msp.o
 .debug_rnglists
                0x00000000000000b6       0x49 ./Core/Src/stm32f4xx_it.o
 .debug_rnglists
                0x00000000000000ff       0x1a ./Core/Src/system_stm32f4xx.o
 .debug_rnglists
                0x0000000000000119       0x3a ./Core/Src/tim.o
 .debug_rnglists
                0x0000000000000153       0x26 ./Core/Src/usart.o
 .debug_rnglists
                0x0000000000000179       0x19 ./Core/Startup/startup_stm32f401rctx.o
 .debug_rnglists
                0x0000000000000192       0xaf ./Drivers/STM32F4xx_HAL_Driver/Src/stm32f4xx_hal.o
 .debug_rnglists
                0x0000000000000241       0xd4 ./Drivers/STM32F4xx_HAL_Driver/Src/stm32f4xx_hal_cortex.o
 .debug_rnglists
                0x0000000000000315       0x70 ./Drivers/STM32F4xx_HAL_Driver/Src/stm32f4xx_hal_dma.o
 .debug_rnglists
                0x0000000000000385       0x3f ./Drivers/STM32F4xx_HAL_Driver/Src/stm32f4xx_hal_gpio.o
 .debug_rnglists
                0x00000000000003c4       0x66 ./Drivers/STM32F4xx_HAL_Driver/Src/stm32f4xx_hal_rcc.o
 .debug_rnglists
                0x000000000000042a      0x31a ./Drivers/STM32F4xx_HAL_Driver/Src/stm32f4xx_hal_tim.o
 .debug_rnglists
                0x0000000000000744      0x125 ./Drivers/STM32F4xx_HAL_Driver/Src/stm32f4xx_hal_tim_ex.o
 .debug_rnglists
                0x0000000000000869      0x1bc ./Drivers/STM32F4xx_HAL_Driver/Src/stm32f4xx_hal_uart.o
 .debug_rnglists
                0x0000000000000a25      0x20c ./Middlewares/Third_Party/FreeRTOS/Source/CMSIS_RTOS_V2/cmsis_os2.o
 .debug_rnglists
                0x0000000000000c31       0x2b ./Middlewares/Third_Party/FreeRTOS/Source/list.o
 .debug_rnglists
                0x0000000000000c5c      0x109 ./Middlewares/Third_Party/FreeRTOS/Source/queue.o
 .debug_rnglists
                0x0000000000000d65      0x1a0 ./Middlewares/Third_Party/FreeRTOS/Source/tasks.o
 .debug_rnglists
                0x0000000000000f05       0xb7 ./Middlewares/Third_Party/FreeRTOS/Source/timers.o
 .debug_rnglists
                0x0000000000000fbc       0x5d ./Middlewares/Third_Party/FreeRTOS/Source/portable/GCC/ARM_CM4F/port.o
 .debug_rnglists
                0x0000000000001019       0x42 ./Middlewares/Third_Party/FreeRTOS/Source/portable/MemMang/heap_4.o

.debug_macro    0x0000000000000000    0x1923b
 .debug_macro   0x0000000000000000      0x27a ./Core/Src/freertos.o
 .debug_macro   0x000000000000027a      0xaa8 ./Core/Src/freertos.o
 .debug_macro   0x0000000000000d22      0x174 ./Core/Src/freertos.o
 .debug_macro   0x0000000000000e96       0x22 ./Core/Src/freertos.o
 .debug_macro   0x0000000000000eb8       0x8e ./Core/Src/freertos.o
 .debug_macro   0x0000000000000f46       0x51 ./Core/Src/freertos.o
 .debug_macro   0x0000000000000f97      0x103 ./Core/Src/freertos.o
 .debug_macro   0x000000000000109a       0x6a ./Core/Src/freertos.o
 .debug_macro   0x0000000000001104      0x1df ./Core/Src/freertos.o
 .debug_macro   0x00000000000012e3      0x169 ./Core/Src/freertos.o
 .debug_macro   0x000000000000144c      0x15a ./Core/Src/freertos.o
 .debug_macro   0x00000000000015a6       0xc9 ./Core/Src/freertos.o
 .debug_macro   0x000000000000166f       0x1c ./Core/Src/freertos.o
 .debug_macro   0x000000000000168b       0x26 ./Core/Src/freertos.o
 .debug_macro   0x00000000000016b1      0x4c5 ./Core/Src/freertos.o
 .debug_macro   0x0000000000001b76       0xb5 ./Core/Src/freertos.o
 .debug_macro   0x0000000000001c2b       0xaa ./Core/Src/freertos.o
 .debug_macro   0x0000000000001cd5      0x29b ./Core/Src/freertos.o
 .debug_macro   0x0000000000001f70       0x2e ./Core/Src/freertos.o
 .debug_macro   0x0000000000001f9e       0x28 ./Core/Src/freertos.o
 .debug_macro   0x0000000000001fc6       0x1c ./Core/Src/freertos.o
 .debug_macro   0x0000000000001fe2       0x22 ./Core/Src/freertos.o
 .debug_macro   0x0000000000002004       0xfb ./Core/Src/freertos.o
 .debug_macro   0x00000000000020ff     0x1011 ./Core/Src/freertos.o
 .debug_macro   0x0000000000003110      0x11f ./Core/Src/freertos.o
 .debug_macro   0x000000000000322f     0xb86c ./Core/Src/freertos.o
 .debug_macro   0x000000000000ea9b       0x6d ./Core/Src/freertos.o
 .debug_macro   0x000000000000eb08     0x368c ./Core/Src/freertos.o
 .debug_macro   0x0000000000012194       0x5c ./Core/Src/freertos.o
 .debug_macro   0x00000000000121f0      0x416 ./Core/Src/freertos.o
 .debug_macro   0x0000000000012606      0x9e9 ./Core/Src/freertos.o
 .debug_macro   0x0000000000012fef      0x115 ./Core/Src/freertos.o
 .debug_macro   0x0000000000013104       0xf8 ./Core/Src/freertos.o
 .debug_macro   0x00000000000131fc       0xa5 ./Core/Src/freertos.o
 .debug_macro   0x00000000000132a1      0x15f ./Core/Src/freertos.o
 .debug_macro   0x0000000000013400      0x287 ./Core/Src/freertos.o
 .debug_macro   0x0000000000013687       0x5f ./Core/Src/freertos.o
 .debug_macro   0x00000000000136e6      0x236 ./Core/Src/freertos.o
 .debug_macro   0x000000000001391c      0x132 ./Core/Src/freertos.o
 .debug_macro   0x0000000000013a4e      0x23a ./Core/Src/freertos.o
 .debug_macro   0x0000000000013c88       0x2e ./Core/Src/freertos.o
 .debug_macro   0x0000000000013cb6      0x127 ./Core/Src/freertos.o
 .debug_macro   0x0000000000013ddd       0x85 ./Core/Src/freertos.o
 .debug_macro   0x0000000000013e62       0x89 ./Core/Src/freertos.o
 .debug_macro   0x0000000000013eeb      0x8ed ./Core/Src/freertos.o
 .debug_macro   0x00000000000147d8       0x47 ./Core/Src/freertos.o
 .debug_macro   0x000000000001481f      0x2aa ./Core/Src/freertos.o
 .debug_macro   0x0000000000014ac9      0x126 ./Core/Src/freertos.o
 .debug_macro   0x0000000000014bef       0x82 ./Core/Src/freertos.o
 .debug_macro   0x0000000000014c71       0x6c ./Core/Src/freertos.o
 .debug_macro   0x0000000000014cdd       0x74 ./Core/Src/freertos.o
 .debug_macro   0x0000000000014d51       0xdd ./Core/Src/freertos.o
 .debug_macro   0x0000000000014e2e       0x10 ./Core/Src/freertos.o
 .debug_macro   0x0000000000014e3e      0x1e7 ./Core/Src/gpio.o
 .debug_macro   0x0000000000015025      0x390 ./Core/Src/main.o
 .debug_macro   0x00000000000153b5      0x169 ./Core/Src/main.o
 .debug_macro   0x000000000001551e       0x66 ./Core/Src/main.o
 .debug_macro   0x0000000000015584       0x16 ./Core/Src/main.o
 .debug_macro   0x000000000001559a       0x61 ./Core/Src/main.o
 .debug_macro   0x00000000000155fb       0x2a ./Core/Src/main.o
 .debug_macro   0x0000000000015625       0x43 ./Core/Src/main.o
 .debug_macro   0x0000000000015668       0x34 ./Core/Src/main.o
 .debug_macro   0x000000000001569c       0x16 ./Core/Src/main.o
 .debug_macro   0x00000000000156b2       0x43 ./Core/Src/main.o
 .debug_macro   0x00000000000156f5       0x34 ./Core/Src/main.o
 .debug_macro   0x0000000000015729       0x10 ./Core/Src/main.o
 .debug_macro   0x0000000000015739       0x58 ./Core/Src/main.o
 .debug_macro   0x0000000000015791       0x8e ./Core/Src/main.o
 .debug_macro   0x000000000001581f       0x1c ./Core/Src/main.o
 .debug_macro   0x000000000001583b      0x177 ./Core/Src/main.o
 .debug_macro   0x00000000000159b2      0x369 ./Core/Src/main.o
 .debug_macro   0x0000000000015d1b       0x10 ./Core/Src/main.o
 .debug_macro   0x0000000000015d2b       0x35 ./Core/Src/main.o
 .debug_macro   0x0000000000015d60       0x20 ./Core/Src/main.o
 .debug_macro   0x0000000000015d80       0x1c ./Core/Src/main.o
 .debug_macro   0x0000000000015d9c       0x10 ./Core/Src/main.o
 .debug_macro   0x0000000000015dac       0x1c ./Core/Src/main.o
 .debug_macro   0x0000000000015dc8       0x16 ./Core/Src/main.o
 .debug_macro   0x0000000000015dde      0x147 ./Core/Src/main.o
 .debug_macro   0x0000000000015f25      0x2d2 ./Core/Src/modbus.o
 .debug_macro   0x00000000000161f7       0x5b ./Core/Src/modbus.o
 .debug_macro   0x0000000000016252       0x94 ./Core/Src/modbus.o
 .debug_macro   0x00000000000162e6       0x16 ./Core/Src/modbus.o
 .debug_macro   0x00000000000162fc       0x57 ./Core/Src/modbus.o
 .debug_macro   0x0000000000016353       0x97 ./Core/Src/modbus.o
 .debug_macro   0x00000000000163ea       0xfd ./Core/Src/modbus.o
 .debug_macro   0x00000000000164e7       0x16 ./Core/Src/modbus.o
 .debug_macro   0x00000000000164fd       0x56 ./Core/Src/modbus.o
 .debug_macro   0x0000000000016553      0x1dd ./Core/Src/stm32f4xx_hal_msp.o
 .debug_macro   0x0000000000016730      0x24f ./Core/Src/stm32f4xx_it.o
 .debug_macro   0x000000000001697f      0x1ce ./Core/Src/system_stm32f4xx.o
 .debug_macro   0x0000000000016b4d      0x2d2 ./Core/Src/tim.o
 .debug_macro   0x0000000000016e1f      0x1f6 ./Core/Src/usart.o
 .debug_macro   0x0000000000017015      0x22e ./Drivers/STM32F4xx_HAL_Driver/Src/stm32f4xx_hal.o
 .debug_macro   0x0000000000017243      0x1ce ./Drivers/STM32F4xx_HAL_Driver/Src/stm32f4xx_hal_cortex.o
 .debug_macro   0x0000000000017411      0x1d4 ./Drivers/STM32F4xx_HAL_Driver/Src/stm32f4xx_hal_dma.o
 .debug_macro   0x00000000000175e5      0x1d4 ./Drivers/STM32F4xx_HAL_Driver/Src/stm32f4xx_hal_gpio.o
 .debug_macro   0x00000000000177b9      0x1f2 ./Drivers/STM32F4xx_HAL_Driver/Src/stm32f4xx_hal_rcc.o
 .debug_macro   0x00000000000179ab      0x1cf ./Drivers/STM32F4xx_HAL_Driver/Src/stm32f4xx_hal_tim.o
 .debug_macro   0x0000000000017b7a      0x1ce ./Drivers/STM32F4xx_HAL_Driver/Src/stm32f4xx_hal_tim_ex.o
 .debug_macro   0x0000000000017d48      0x1cf ./Drivers/STM32F4xx_HAL_Driver/Src/stm32f4xx_hal_uart.o
 .debug_macro   0x0000000000017f17      0x3c5 ./Middlewares/Third_Party/FreeRTOS/Source/CMSIS_RTOS_V2/cmsis_os2.o
 .debug_macro   0x00000000000182dc       0x10 ./Middlewares/Third_Party/FreeRTOS/Source/CMSIS_RTOS_V2/cmsis_os2.o
 .debug_macro   0x00000000000182ec       0xf5 ./Middlewares/Third_Party/FreeRTOS/Source/CMSIS_RTOS_V2/cmsis_os2.o
 .debug_macro   0x00000000000183e1       0x91 ./Middlewares/Third_Party/FreeRTOS/Source/CMSIS_RTOS_V2/cmsis_os2.o
 .debug_macro   0x0000000000018472       0x8d ./Middlewares/Third_Party/FreeRTOS/Source/CMSIS_RTOS_V2/cmsis_os2.o
 .debug_macro   0x00000000000184ff       0x9a ./Middlewares/Third_Party/FreeRTOS/Source/CMSIS_RTOS_V2/cmsis_os2.o
 .debug_macro   0x0000000000018599       0x22 ./Middlewares/Third_Party/FreeRTOS/Source/CMSIS_RTOS_V2/cmsis_os2.o
 .debug_macro   0x00000000000185bb      0x187 ./Middlewares/Third_Party/FreeRTOS/Source/list.o
 .debug_macro   0x0000000000018742      0x216 ./Middlewares/Third_Party/FreeRTOS/Source/queue.o
 .debug_macro   0x0000000000018958       0x16 ./Middlewares/Third_Party/FreeRTOS/Source/queue.o
 .debug_macro   0x000000000001896e       0x87 ./Middlewares/Third_Party/FreeRTOS/Source/queue.o
 .debug_macro   0x00000000000189f5      0x27f ./Middlewares/Third_Party/FreeRTOS/Source/tasks.o
 .debug_macro   0x0000000000018c74       0x10 ./Middlewares/Third_Party/FreeRTOS/Source/tasks.o
 .debug_macro   0x0000000000018c84      0x1dc ./Middlewares/Third_Party/FreeRTOS/Source/timers.o
 .debug_macro   0x0000000000018e60       0x97 ./Middlewares/Third_Party/FreeRTOS/Source/timers.o
 .debug_macro   0x0000000000018ef7      0x196 ./Middlewares/Third_Party/FreeRTOS/Source/portable/GCC/ARM_CM4F/port.o
 .debug_macro   0x000000000001908d      0x1ae ./Middlewares/Third_Party/FreeRTOS/Source/portable/MemMang/heap_4.o

.debug_line     0x0000000000000000    0x19282
 .debug_line    0x0000000000000000      0x8fa ./Core/Src/freertos.o
 .debug_line    0x00000000000008fa      0x764 ./Core/Src/gpio.o
 .debug_line    0x000000000000105e      0xccc ./Core/Src/main.o
 .debug_line    0x0000000000001d2a      0xc69 ./Core/Src/modbus.o
 .debug_line    0x0000000000002993      0x734 ./Core/Src/stm32f4xx_hal_msp.o
 .debug_line    0x00000000000030c7      0x923 ./Core/Src/stm32f4xx_it.o
 .debug_line    0x00000000000039ea      0x7b4 ./Core/Src/system_stm32f4xx.o
 .debug_line    0x000000000000419e      0xb1e ./Core/Src/tim.o
 .debug_line    0x0000000000004cbc      0x7ea ./Core/Src/usart.o
 .debug_line    0x00000000000054a6       0x7a ./Core/Startup/startup_stm32f401rctx.o
 .debug_line    0x0000000000005520      0xa1a ./Drivers/STM32F4xx_HAL_Driver/Src/stm32f4xx_hal.o
 .debug_line    0x0000000000005f3a      0xce6 ./Drivers/STM32F4xx_HAL_Driver/Src/stm32f4xx_hal_cortex.o
 .debug_line    0x0000000000006c20      0xf7e ./Drivers/STM32F4xx_HAL_Driver/Src/stm32f4xx_hal_dma.o
 .debug_line    0x0000000000007b9e      0xb52 ./Drivers/STM32F4xx_HAL_Driver/Src/stm32f4xx_hal_gpio.o
 .debug_line    0x00000000000086f0      0xd93 ./Drivers/STM32F4xx_HAL_Driver/Src/stm32f4xx_hal_rcc.o
 .debug_line    0x0000000000009483     0x3580 ./Drivers/STM32F4xx_HAL_Driver/Src/stm32f4xx_hal_tim.o
 .debug_line    0x000000000000ca03     0x19b1 ./Drivers/STM32F4xx_HAL_Driver/Src/stm32f4xx_hal_tim_ex.o
 .debug_line    0x000000000000e3b4     0x28d7 ./Drivers/STM32F4xx_HAL_Driver/Src/stm32f4xx_hal_uart.o
 .debug_line    0x0000000000010c8b     0x24fa ./Middlewares/Third_Party/FreeRTOS/Source/CMSIS_RTOS_V2/cmsis_os2.o
 .debug_line    0x0000000000013185      0x867 ./Middlewares/Third_Party/FreeRTOS/Source/list.o
 .debug_line    0x00000000000139ec     0x1831 ./Middlewares/Third_Party/FreeRTOS/Source/queue.o
 .debug_line    0x000000000001521d     0x1ef8 ./Middlewares/Third_Party/FreeRTOS/Source/tasks.o
 .debug_line    0x0000000000017115      0xecb ./Middlewares/Third_Party/FreeRTOS/Source/timers.o
 .debug_line    0x0000000000017fe0      0x814 ./Middlewares/Third_Party/FreeRTOS/Source/portable/GCC/ARM_CM4F/port.o
 .debug_line    0x00000000000187f4      0xa8e ./Middlewares/Third_Party/FreeRTOS/Source/portable/MemMang/heap_4.o

.debug_str      0x0000000000000000    0x97ebe
 .debug_str     0x0000000000000000    0x8b3b6 ./Core/Src/freertos.o
                                      0x8b6db (size before relaxing)
 .debug_str     0x000000000008b3b6      0x1ee ./Core/Src/gpio.o
                                      0x86547 (size before relaxing)
 .debug_str     0x000000000008b5a4     0x3cb0 ./Core/Src/main.o
                                      0x8f066 (size before relaxing)
 .debug_str     0x000000000008f254      0x1a0 ./Core/Src/modbus.o
                                      0x8a489 (size before relaxing)
 .debug_str     0x000000000008f3f4      0x3cd ./Core/Src/stm32f4xx_hal_msp.o
                                      0x86827 (size before relaxing)
 .debug_str     0x000000000008f7c1      0x132 ./Core/Src/stm32f4xx_it.o
                                      0x8a98d (size before relaxing)
 .debug_str     0x000000000008f8f3       0xdb ./Core/Src/system_stm32f4xx.o
                                      0x86366 (size before relaxing)
 .debug_str     0x000000000008f9ce      0x28c ./Core/Src/tim.o
                                      0x8a8ad (size before relaxing)
 .debug_str     0x000000000008fc5a       0x9d ./Core/Src/usart.o
                                      0x86e64 (size before relaxing)
 .debug_str     0x000000000008fcf7       0x34 ./Core/Startup/startup_stm32f401rctx.o
                                         0x54 (size before relaxing)
 .debug_str     0x000000000008fd2b      0x60d ./Drivers/STM32F4xx_HAL_Driver/Src/stm32f4xx_hal.o
                                      0x86d88 (size before relaxing)
 .debug_str     0x0000000000090338      0x32a ./Drivers/STM32F4xx_HAL_Driver/Src/stm32f4xx_hal_cortex.o
                                      0x86ac0 (size before relaxing)
 .debug_str     0x0000000000090662      0x31d ./Drivers/STM32F4xx_HAL_Driver/Src/stm32f4xx_hal_dma.o
                                      0x8676e (size before relaxing)
 .debug_str     0x000000000009097f      0x10b ./Drivers/STM32F4xx_HAL_Driver/Src/stm32f4xx_hal_gpio.o
                                      0x864e1 (size before relaxing)
 .debug_str     0x0000000000090a8a      0x233 ./Drivers/STM32F4xx_HAL_Driver/Src/stm32f4xx_hal_rcc.o
                                      0x8679a (size before relaxing)
 .debug_str     0x0000000000090cbd      0xce2 ./Drivers/STM32F4xx_HAL_Driver/Src/stm32f4xx_hal_tim.o
                                      0x876de (size before relaxing)
 .debug_str     0x000000000009199f      0x493 ./Drivers/STM32F4xx_HAL_Driver/Src/stm32f4xx_hal_tim_ex.o
                                      0x86eea (size before relaxing)
 .debug_str     0x0000000000091e32      0x5b6 ./Drivers/STM32F4xx_HAL_Driver/Src/stm32f4xx_hal_uart.o
                                      0x86d69 (size before relaxing)
 .debug_str     0x00000000000923e8     0x2f7c ./Middlewares/Third_Party/FreeRTOS/Source/CMSIS_RTOS_V2/cmsis_os2.o
                                      0x90dfa (size before relaxing)
 .debug_str     0x0000000000095364      0x20f ./Middlewares/Third_Party/FreeRTOS/Source/list.o